<html>
<body>
<pre>
<h1>礦ision Build Log</h1>
<h2>Tool Versions:</h2>
IDE-Version: μVision V5.21.1.0
Copyright (C) 2016 ARM Ltd and ARM Germany GmbH. All rights reserved.
License Information: 萨法沙发 ccchenji, agseag, LIC=MGXEV-P7TTS-PG57L-0BH2H-96MJB-L6QE8
 
Tool Versions:
Toolchain:       MDK-ARM Professional  Version: 5.21a
Toolchain Path:  F:\keil5\ARM\ARMCC\Bin
C Compiler:      Armcc.exe V5.06 update 3 (build 300)
Assembler:       Armasm.exe V5.06 update 3 (build 300)
Linker/Locator:  ArmLink.exe V5.06 update 3 (build 300)
Library Manager: ArmAr.exe V5.06 update 3 (build 300)
Hex Converter:   FromElf.exe V5.06 update 3 (build 300)
CPU DLL:         SARMCM3.DLL V5.21a
Dialog DLL:      DCM.DLL V1.13.8.0
Target DLL:      Segger\JL2CM3.dll V2.99.23.0
Dialog DLL:      TCM.DLL V1.14.14.0
 
<h2>Project:</h2>
C:\Users\ccchenji\Desktop\2018校赛\USER\Template.uvprojx
Project File Date:  05/05/2018

<h2>Output:</h2>
*** Using Compiler 'V5.06 update 3 (build 300)', folder: 'F:\keil5\ARM\ARMCC\Bin'
Build target 'Template'
compiling main.c...
..\IN\IN.H(13): warning:  #1-D: last line of file ends without a newline
  #endif
main.c(106): warning:  #1256-D: "float" would have been promoted to "double" when passed through the ellipsis parameter; use the latter type instead
  		 V.myFloat=
a_arg(vp,float);
main.c(127): warning:  #177-D: variable "a" was declared but never referenced
  	float a=0.1;
main.c(128): warning:  #177-D: variable "b" was declared but never referenced
  	float b=0.2;
main.c(129): warning:  #177-D: variable "len" was declared but never referenced
  	u8 len=0;
main.c(130): warning:  #177-D: variable "t" was declared but never referenced
  	u8 t=0;
main.c(131): warning:  #177-D: variable "ss" was declared but never referenced
  	ToDouble ss;
main.c(132): warning:  #177-D: variable "dd" was declared but never referenced
  	ToDouble dd;
main.c(133): warning:  #177-D: variable "aa" was declared but never referenced
    ToDouble aa;
main.c: 9 warnings, 0 errors
linking...
Program Size: Code=22836 RO-data=2684 RW-data=808 ZI-data=4160  
FromELF: creating hex file...
"..\OBJ\Template.axf" - 0 Error(s), 9 Warning(s).

<h2>Collection of Component include folders:</h2>
  C:\Users\ccchenji\Desktop\2018校赛\USER\RTE
  F:\keil5\ARM\PACK\Keil\STM32F1xx_DFP\1.0.5\Device\Include

<h2>Collection of Component Files used:</h2>
Build Time Elapsed:  00:00:01
</pre>
</body>
</html>
