Component: ARM Compiler 5.06 update 3 (build 300) Tool: armlink [4d35c9]

==============================================================================

Section Cross References

    main.o(.text) refers to malloc.o(i.malloc) for malloc
    main.o(.text) refers to d2f.o(.text) for __aeabi_d2f
    main.o(.text) refers to malloc.o(i.free) for free
    main.o(.text) refers to delay.o(.text) for delay_init
    main.o(.text) refers to misc.o(.text) for NVIC_PriorityGroupConfig
    main.o(.text) refers to usart.o(.text) for uart_init
    system_stm32f10x.o(.text) refers to system_stm32f10x.o(.data) for SystemCoreClock
    startup_stm32f10x_md.o(RESET) refers to startup_stm32f10x_md.o(STACK) for __initial_sp
    startup_stm32f10x_md.o(RESET) refers to startup_stm32f10x_md.o(.text) for Reset_Handler
    startup_stm32f10x_md.o(RESET) refers to stm32f10x_it.o(.text) for NMI_Handler
    startup_stm32f10x_md.o(RESET) refers to timer.o(.text) for TIM2_IRQHandler
    startup_stm32f10x_md.o(RESET) refers to usart.o(.text) for USART1_IRQHandler
    startup_stm32f10x_md.o(.text) refers to system_stm32f10x.o(.text) for SystemInit
    startup_stm32f10x_md.o(.text) refers to entry.o(.ARM.Collect$$$$00000000) for __main
    stm32f10x_adc.o(.text) refers to stm32f10x_rcc.o(.text) for RCC_APB2PeriphResetCmd
    stm32f10x_bkp.o(.text) refers to stm32f10x_rcc.o(.text) for RCC_BackupResetCmd
    stm32f10x_can.o(.text) refers to stm32f10x_rcc.o(.text) for RCC_APB1PeriphResetCmd
    stm32f10x_cec.o(.text) refers to stm32f10x_rcc.o(.text) for RCC_APB1PeriphResetCmd
    stm32f10x_dac.o(.text) refers to stm32f10x_rcc.o(.text) for RCC_APB1PeriphResetCmd
    stm32f10x_gpio.o(.text) refers to stm32f10x_rcc.o(.text) for RCC_APB2PeriphResetCmd
    stm32f10x_i2c.o(.text) refers to stm32f10x_rcc.o(.text) for RCC_APB1PeriphResetCmd
    stm32f10x_pwr.o(.text) refers to stm32f10x_rcc.o(.text) for RCC_APB1PeriphResetCmd
    stm32f10x_rcc.o(.text) refers to stm32f10x_rcc.o(.data) for APBAHBPrescTable
    stm32f10x_spi.o(.text) refers to stm32f10x_rcc.o(.text) for RCC_APB2PeriphResetCmd
    stm32f10x_tim.o(.text) refers to stm32f10x_rcc.o(.text) for RCC_APB2PeriphResetCmd
    stm32f10x_usart.o(.text) refers to stm32f10x_rcc.o(.text) for RCC_APB2PeriphResetCmd
    stm32f10x_wwdg.o(.text) refers to stm32f10x_rcc.o(.text) for RCC_APB1PeriphResetCmd
    delay.o(.text) refers to misc.o(.text) for SysTick_CLKSourceConfig
    delay.o(.text) refers to system_stm32f10x.o(.data) for SystemCoreClock
    delay.o(.text) refers to delay.o(.data) for fac_us
    usart.o(.text) refers to stm32f10x_rcc.o(.text) for RCC_APB2PeriphClockCmd
    usart.o(.text) refers to stm32f10x_gpio.o(.text) for GPIO_Init
    usart.o(.text) refers to misc.o(.text) for NVIC_Init
    usart.o(.text) refers to stm32f10x_usart.o(.text) for USART_Init
    usart.o(.text) refers to usart.o(.data) for USART_RX_STA
    usart.o(.text) refers to usart.o(.bss) for USART_RX_BUF
    oled.o(.text) refers to stm32f10x_gpio.o(.text) for GPIO_SetBits
    oled.o(.text) refers to memseta.o(.text) for __aeabi_memclr
    oled.o(.text) refers to oled.o(.bss) for OLED_GRAM
    oled.o(.text) refers to oled.o(.constdata) for F6x8
    oled.o(.text) refers to oled.o(.data) for Hzk
    oled.o(.text) refers to stm32f10x_rcc.o(.text) for RCC_APB2PeriphClockCmd
    oled.o(.text) refers to delay.o(.text) for delay_ms
    menu.o(.text) refers to memseta.o(.text) for __aeabi_memclr4
    menu.o(.text) refers to strstr.o(.text) for strstr
    menu.o(.text) refers to printfa.o(i.__0sprintf) for __2sprintf
    menu.o(.text) refers to d2f.o(.text) for __aeabi_d2f
    menu.o(.text) refers to f2d.o(.text) for __aeabi_f2d
    menu.o(.text) refers to strcat.o(.text) for strcat
    menu.o(.text) refers to oled.o(.text) for OLED_ShowString
    menu.o(.text) refers to stack.o(.text) for Push
    menu.o(.text) refers to fadd.o(.text) for __aeabi_frsub
    menu.o(.text) refers to cfcmple.o(.text) for __aeabi_cfcmpeq
    menu.o(.text) refers to fdiv.o(.text) for __aeabi_fdiv
    menu.o(.text) refers to fmul.o(.text) for __aeabi_fmul
    menu.o(.text) refers to ffixi.o(.text) for __aeabi_f2iz
    menu.o(.text) refers to fflti.o(.text) for __aeabi_i2f
    menu.o(.text) refers to ffixui.o(.text) for __aeabi_f2uiz
    menu.o(.text) refers to queue.o(.text) for OQueue
    menu.o(.text) refers to strlen.o(.text) for strlen
    menu.o(.text) refers to menu.o(.data) for course
    menu.o(.text) refers to menu.o(.bss) for DataStack
    menu.o(.text) refers to stmflash.o(.text) for STMFLASH_Write
    menu.o(.text) refers to cfrcmple.o(.text) for __aeabi_cfrcmple
    menu.o(.text) refers to cdrcmple.o(.text) for __aeabi_cdrcmple
    menu.o(.text) refers to main.o(.data) for Mydata
    menu.o(.text) refers to timer.o(.data) for Speed_Code
    menu.o(.text) refers to pid.o(.data) for nowPID
    menu.o(.text) refers to ffltui.o(.text) for __aeabi_ui2f
    menu.o(.text) refers to dmul.o(.text) for __aeabi_dmul
[...]
    Removing stm32f10x_dac.o(.text), (396 bytes).
    Removing stm32f10x_dbgmcu.o(.text), (48 bytes).
    Removing stm32f10x_dma.o(.text), (596 bytes).
    Removing stm32f10x_exti.o(.text), (284 bytes).
    Removing stm32f10x_fsmc.o(.text), (1548 bytes).
    Removing stm32f10x_i2c.o(.text), (1028 bytes).
    Removing stm32f10x_iwdg.o(.text), (64 bytes).
    Removing stm32f10x_pwr.o(.text), (204 bytes).
    Removing stm32f10x_rtc.o(.text), (328 bytes).
    Removing stm32f10x_sdio.o(.text), (468 bytes).
    Removing stm32f10x_spi.o(.text), (780 bytes).
    Removing stm32f10x_wwdg.o(.text), (136 bytes).
    Removing sys.o(.emb_text), (6 bytes).
    Removing sys.o(.text), (12 bytes).
    Removing key.o(.text), (264 bytes).
    Removing pwm.o(.text), (128 bytes).
    Removing adc.o(.text), (232 bytes).
    Removing in.o(.text), (80 bytes).

25 unused section(s) (total 10848 bytes) removed from the image.

==============================================================================

Image Symbol Table

    Local Symbols

    Symbol Name                              Value     Ov Type        Size  Object(Section)

    ../clib/../cmprslib/zerorunl2.c          0x00000000   Number         0  __dczerorl2.o ABSOLUTE
    ../clib/microlib/division.c              0x00000000   Number         0  uldiv.o ABSOLUTE
    ../clib/microlib/division.c              0x00000000   Number         0  uidiv.o ABSOLUTE
    ../clib/microlib/errno.c                 0x00000000   Number         0  errno.o ABSOLUTE
    ../clib/microlib/init/entry.s            0x00000000   Number         0  entry10b.o ABSOLUTE
    ../clib/microlib/init/entry.s            0x00000000   Number         0  entry11a.o ABSOLUTE
    ../clib/microlib/init/entry.s            0x00000000   Number         0  entry10a.o ABSOLUTE
    ../clib/microlib/init/entry.s            0x00000000   Number         0  entry9b.o ABSOLUTE
    ../clib/microlib/init/entry.s            0x00000000   Number         0  entry9a.o ABSOLUTE
    ../clib/microlib/init/entry.s            0x00000000   Number         0  entry8a.o ABSOLUTE
    ../clib/microlib/init/entry.s            0x00000000   Number         0  entry7b.o ABSOLUTE
    ../clib/microlib/init/entry.s            0x00000000   Number         0  entry7a.o ABSOLUTE
    ../clib/microlib/init/entry.s            0x00000000   Number         0  entry5.o ABSOLUTE
    ../clib/microlib/init/entry.s            0x00000000   Number         0  entry2.o ABSOLUTE
    ../clib/microlib/init/entry.s            0x00000000   Number         0  entry8b.o ABSOLUTE
    ../clib/microlib/init/entry.s            0x00000000   Number         0  entry11b.o ABSOLUTE
    ../clib/microlib/init/entry.s            0x00000000   Number         0  entry.o ABSOLUTE
    ../clib/microlib/longlong.c              0x00000000   Number         0  llsshr.o ABSOLUTE
    ../clib/microlib/longlong.c              0x00000000   Number         0  llushr.o ABSOLUTE
    ../clib/microlib/longlong.c              0x00000000   Number         0  llshl.o ABSOLUTE
    ../clib/microlib/malloc/malloc.c         0x00000000   Number         0  malloc.o ABSOLUTE
    ../clib/microlib/malloc/malloc.c         0x00000000   Number         0  mallocr.o ABSOLUTE
    ../clib/microlib/malloc/malloc.c         0x00000000   Number         0  malloca.o ABSOLUTE
    ../clib/microlib/malloc/malloc.c         0x00000000   Number         0  mallocra.o ABSOLUTE
    ../clib/microlib/malloc/mvars.c          0x00000000   Number         0  mvars.o ABSOLUTE
    ../clib/microlib/printf/printf.c         0x00000000   Number         0  printf5.o ABSOLUTE
    ../clib/microlib/printf/printf.c         0x00000000   Number         0  printf4.o ABSOLUTE
    ../clib/microlib/printf/printf.c         0x00000000   Number         0  printf3.o ABSOLUTE
    ../clib/microlib/printf/printf.c         0x00000000   Number         0  printf2.o ABSOLUTE
    ../clib/microlib/printf/printf.c         0x00000000   Number         0  printf1.o ABSOLUTE
    ../clib/microlib/printf/printf.c         0x00000000   Number         0  printf0.o ABSOLUTE
    ../clib/microlib/printf/printf.c         0x00000000   Number         0  printfb.o ABSOLUTE
    ../clib/microlib/printf/printf.c         0x00000000   Number         0  printf8.o ABSOLUTE
    ../clib/microlib/printf/printf.c         0x00000000   Number         0  printf6.o ABSOLUTE
    ../clib/microlib/printf/printf.c         0x00000000   Number         0  printf7.o ABSOLUTE
    ../clib/microlib/printf/printf.c         0x00000000   Number         0  printfa.o ABSOLUTE
    ../clib/microlib/printf/stubs.s          0x00000000   Number         0  stubs.o ABSOLUTE
    ../clib/microlib/string/memcpy.c         0x00000000   Number         0  memcpyb.o ABSOLUTE
    ../clib/microlib/string/memcpy.c         0x00000000   Number         0  memcpya.o ABSOLUTE
    ../clib/microlib/string/memset.c         0x00000000   Number         0  memseta.o ABSOLUTE
    ../clib/microlib/string/strcat.c         0x00000000   Number         0  strcat.o ABSOLUTE
    ../clib/microlib/string/strlen.c         0x00000000   Number         0  strlen.o ABSOLUTE
    ../clib/microlib/string/strstr.c         0x00000000   Number         0  strstr.o ABSOLUTE
    ../clib/microlib/stubs.s                 0x00000000   Number         0  useno.o ABSOLUTE
    ../clib/microlib/stubs.s                 0x00000000   Number         0  iusefp.o ABSOLUTE
    ../fplib/microlib/d2f.c                  0x00000000   Number         0  d2f.o ABSOLUTE
    ../fplib/microlib/f2d.c                  0x00000000   Number         0  f2d.o ABSOLUTE
    ../fplib/microlib/fpadd.c                0x00000000   Number         0  dadd.o ABSOLUTE
    ../fplib/microlib/fpadd.c                0x00000000   Number         0  fadd.o ABSOLUTE
    ../fplib/microlib/fpdiv.c                0x00000000   Number         0  fdiv.o ABSOLUTE
    ../fplib/microlib/fpdiv.c                0x00000000   Number         0  ddiv.o ABSOLUTE
    ../fplib/microlib/fpepilogue.c           0x00000000   Number         0  fepilogue.o ABSOLUTE
    ../fplib/microlib/fpepilogue.c           0x00000000   Number         0  depilogue.o ABSOLUTE
    ../fplib/microlib/fpfix.c                0x00000000   Number         0  dfixi.o ABSOLUTE
    ../fplib/microlib/fpfix.c                0x00000000   Number         0  dfixul.o ABSOLUTE
    ../fplib/microlib/fpfix.c                0x00000000   Number         0  dfixui.o ABSOLUTE
    ../fplib/microlib/fpfix.c                0x00000000   Number         0  ffixi.o ABSOLUTE
    ../fplib/microlib/fpfix.c                0x00000000   Number         0  ffixui.o ABSOLUTE
    ../fplib/microlib/fpflt.c                0x00000000   Number         0  ffltui.o ABSOLUTE
    ../fplib/microlib/fpflt.c                0x00000000   Number         0  fflti.o ABSOLUTE
    ../fplib/microlib/fpflt.c                0x00000000   Number         0  dfltui.o ABSOLUTE
    ../fplib/microlib/fpflt.c                0x00000000   Number         0  dflti.o ABSOLUTE
    ../fplib/microlib/fpmul.c                0x00000000   Number         0  dmul.o ABSOLUTE
    ../fplib/microlib/fpmul.c                0x00000000   Number         0  fmul.o ABSOLUTE
    ../fplib/microlib/fpscalb.c              0x00000000   Number         0  dscalb.o ABSOLUTE
    ../mathlib/cos.c                         0x00000000   Number         0  cos_x.o ABSOLUTE
    ../mathlib/cos.c                         0x00000000   Number         0  cos.o ABSOLUTE
    ../mathlib/cos_i.c                       0x00000000   Number         0  cos_i.o ABSOLUTE
    ../mathlib/dunder.c                      0x00000000   Number         0  dunder.o ABSOLUTE
    ../mathlib/fpclassify.c                  0x00000000   Number         0  fpclassify.o ABSOLUTE
    ../mathlib/poly.c                        0x00000000   Number         0  poly.o ABSOLUTE
    ../mathlib/rred.c                        0x00000000   Number         0  rred.o ABSOLUTE
    ../mathlib/sin.c                         0x00000000   Number         0  sin_x.o ABSOLUTE
    ../mathlib/sin.c                         0x00000000   Number         0  sin.o ABSOLUTE
    ../mathlib/sin_i.c                       0x00000000   Number         0  sin_i_x.o ABSOLUTE
    ../mathlib/sin_i.c                       0x00000000   Number         0  sin_i.o ABSOLUTE
    ..\ADC\adc.c                             0x00000000   Number         0  adc.o ABSOLUTE
    ..\CORE\core_cm3.c                       0x00000000   Number         0  core_cm3.o ABSOLUTE
    ..\CORE\startup_stm32f10x_md.s           0x00000000   Number         0  startup_stm32f10x_md.o ABSOLUTE
    ..\IN\IN.C                               0x00000000   Number         0  in.o ABSOLUTE
    ..\Key\key.c                             0x00000000   Number         0  key.o ABSOLUTE
    ..\MyFile\OLED(SPI)\oled.c               0x00000000   Number         0  oled.o ABSOLUTE
    ..\MyFile\Queue\Queue.c                  0x00000000   Number         0  queue.o ABSOLUTE
    ..\MyFile\Stack\stack.c                  0x00000000   Number         0  stack.o ABSOLUTE
    ..\MyFile\menu\menu.c                    0x00000000   Number         0  menu.o ABSOLUTE
    ..\PID\PID.c                             0x00000000   Number         0  pid.o ABSOLUTE
    ..\PWM\pwm.c                             0x00000000   Number         0  pwm.o ABSOLUTE
    ..\STM32F10x_FWLib\src\misc.c            0x00000000   Number         0  misc.o ABSOLUTE
    ..\STM32F10x_FWLib\src\stm32f10x_adc.c   0x00000000   Number         0  stm32f10x_adc.o ABSOLUTE
    ..\STM32F10x_FWLib\src\stm32f10x_bkp.c   0x00000000   Number         0  stm32f10x_bkp.o ABSOLUTE
    ..\STM32F10x_FWLib\src\stm32f10x_can.c   0x00000000   Number         0  stm32f10x_can.o ABSOLUTE
    ..\STM32F10x_FWLib\src\stm32f10x_cec.c   0x00000000   Number         0  stm32f10x_cec.o ABSOLUTE
    ..\STM32F10x_FWLib\src\stm32f10x_crc.c   0x00000000   Number         0  stm32f10x_crc.o ABSOLUTE
    ..\STM32F10x_FWLib\src\stm32f10x_dac.c   0x00000000   Number         0  stm32f10x_dac.o ABSOLUTE
    ..\STM32F10x_FWLib\src\stm32f10x_dbgmcu.c 0x00000000   Number         0  stm32f10x_dbgmcu.o ABSOLUTE
    ..\STM32F10x_FWLib\src\stm32f10x_dma.c   0x00000000   Number         0  stm32f10x_dma.o ABSOLUTE
    ..\STM32F10x_FWLib\src\stm32f10x_exti.c  0x00000000   Number         0  stm32f10x_exti.o ABSOLUTE
    ..\STM32F10x_FWLib\src\stm32f10x_flash.c 0x00000000   Number         0  stm32f10x_flash.o ABSOLUTE
    ..\STM32F10x_FWLib\src\stm32f10x_fsmc.c  0x00000000   Number         0  stm32f10x_fsmc.o ABSOLUTE
    ..\STM32F10x_FWLib\src\stm32f10x_gpio.c  0x00000000   Number         0  stm32f10x_gpio.o ABSOLUTE
    ..\STM32F10x_FWLib\src\stm32f10x_i2c.c   0x00000000   Number         0  stm32f10x_i2c.o ABSOLUTE
    ..\STM32F10x_FWLib\src\stm32f10x_iwdg.c  0x00000000   Number         0  stm32f10x_iwdg.o ABSOLUTE
    ..\STM32F10x_FWLib\src\stm32f10x_pwr.c   0x00000000   Number         0  stm32f10x_pwr.o ABSOLUTE
    ..\STM32F10x_FWLib\src\stm32f10x_rcc.c   0x00000000   Number         0  stm32f10x_rcc.o ABSOLUTE
    ..\STM32F10x_FWLib\src\stm32f10x_rtc.c   0x00000000   Number         0  stm32f10x_rtc.o ABSOLUTE
    ..\STM32F10x_FWLib\src\stm32f10x_sdio.c  0x00000000   Number         0  stm32f10x_sdio.o ABSOLUTE
    ..\STM32F10x_FWLib\src\stm32f10x_spi.c   0x00000000   Number         0  stm32f10x_spi.o ABSOLUTE
    ..\STM32F10x_FWLib\src\stm32f10x_tim.c   0x00000000   Number         0  stm32f10x_tim.o ABSOLUTE
    ..\STM32F10x_FWLib\src\stm32f10x_usart.c 0x00000000   Number         0  stm32f10x_usart.o ABSOLUTE
    ..\STM32F10x_FWLib\src\stm32f10x_wwdg.c  0x00000000   Number         0  stm32f10x_wwdg.o ABSOLUTE
    ..\STMFLASH\stmflash.c                   0x00000000   Number         0  stmflash.o ABSOLUTE
    ..\SYSTEM\delay\delay.c                  0x00000000   Number         0  delay.o ABSOLUTE
    ..\SYSTEM\sys\sys.c                      0x00000000   Number         0  sys.o ABSOLUTE
    ..\SYSTEM\usart\usart.c                  0x00000000   Number         0  usart.o ABSOLUTE
    ..\TIMER\timer.c                         0x00000000   Number         0  timer.o ABSOLUTE
    ..\\CORE\\core_cm3.c                     0x00000000   Number         0  core_cm3.o ABSOLUTE
    ..\\SYSTEM\\sys\\sys.c                   0x00000000   Number         0  sys.o ABSOLUTE
    cdrcmple.s                               0x00000000   Number         0  cdrcmple.o ABSOLUTE
    cfcmple.s                                0x00000000   Number         0  cfcmple.o ABSOLUTE
    cfrcmple.s                               0x00000000   Number         0  cfrcmple.o ABSOLUTE
    dc.s                                     0x00000000   Number         0  dc.o ABSOLUTE
    handlers.s                               0x00000000   Number         0  handlers.o ABSOLUTE
    init.s                                   0x00000000   Number         0  init.o ABSOLUTE
    main.c                                   0x00000000   Number         0  main.o ABSOLUTE
    stm32f10x_it.c                           0x00000000   Number         0  stm32f10x_it.o ABSOLUTE
    system_stm32f10x.c                       0x00000000   Number         0  system_stm32f10x.o ABSOLUTE
    RESET                                    0x08000000   Section      236  startup_stm32f10x_md.o(RESET)
    .ARM.Collect$$$$00000000                 0x080000ec   Section        0  entry.o(.ARM.Collect$$$$00000000)
    .ARM.Collect$$$$00000001                 0x080000ec   Section        4  entry2.o(.ARM.Collect$$$$00000001)
    .ARM.Collect$$$$00000004                 0x080000f0   Section        4  entry5.o(.ARM.Collect$$$$00000004)
    .ARM.Collect$$$$00000008                 0x080000f4   Section        0  entry7b.o(.ARM.Collect$$$$00000008)
    .ARM.Collect$$$$0000000A                 0x080000f4   Section        0  entry8b.o(.ARM.Collect$$$$0000000A)
    .ARM.Collect$$$$0000000B                 0x080000f4   Section        8  entry9a.o(.ARM.Collect$$$$0000000B)
    .ARM.Collect$$$$0000000D                 0x080000fc   Section        0  entry10a.o(.ARM.Collect$$$$0000000D)
    .ARM.Collect$$$$0000000F                 0x080000fc   Section        0  entry11a.o(.ARM.Collect$$$$0000000F)
    .ARM.Collect$$$$00002712                 0x080000fc   Section        4  entry2.o(.ARM.Collect$$$$00002712)
    __lit__00000000                          0x080000fc   Data           4  entry2.o(.ARM.Collect$$$$00002712)
    .text                                    0x08000100   Section        0  main.o(.text)
    .text                                    0x08000220   Section        0  stm32f10x_it.o(.text)
    .text                                    0x0800023c   Section        0  system_stm32f10x.o(.text)
    SetSysClockTo72                          0x0800023d   Thumb Code   214  system_stm32f10x.o(.text)
    SetSysClock                              0x08000313   Thumb Code     8  system_stm32f10x.o(.text)
    .text                                    0x0800041c   Section       36  startup_stm32f10x_md.o(.text)
    .text                                    0x08000440   Section        0  misc.o(.text)
    .text                                    0x0800051c   Section        0  stm32f10x_flash.o(.text)
    .text                                    0x08000ad8   Section        0  stm32f10x_gpio.o(.text)
    .text                                    0x08000e34   Section        0  stm32f10x_rcc.o(.text)
    .text                                    0x080011d8   Section        0  stm32f10x_tim.o(.text)
    TI4_Config                               0x0800167f   Thumb Code   130  stm32f10x_tim.o(.text)
    TI3_Config                               0x08001713   Thumb Code   122  stm32f10x_tim.o(.text)
    TI2_Config                               0x080017a7   Thumb Code   130  stm32f10x_tim.o(.text)
    TI1_Config                               0x0800183b   Thumb Code   108  stm32f10x_tim.o(.text)
    .text                                    0x08001ff4   Section        0  stm32f10x_usart.o(.text)
    .text                                    0x080023fc   Section        0  delay.o(.text)
    .text                                    0x080024d0   Section        0  usart.o(.text)
    .text                                    0x080026dc   Section        0  oled.o(.text)
    .text                                    0x08002c84   Section        0  menu.o(.text)
    .text                                    0x0800379c   Section        0  queue.o(.text)
    .text                                    0x08003848   Section        0  stack.o(.text)
    .text                                    0x080038f4   Section        0  pid.o(.text)
    .text                                    0x08003acc   Section        0  timer.o(.text)
    .text                                    0x08003d70   Section        0  stmflash.o(.text)
    .text                                    0x08003eb4   Section        0  memcpya.o(.text)
    .text                                    0x08003ed8   Section        0  memseta.o(.text)
    .text                                    0x08003efc   Section        0  strcat.o(.text)
    .text                                    0x08003f14   Section        0  strstr.o(.text)
    .text                                    0x08003f38   Section        0  strlen.o(.text)
    .text                                    0x08003f46   Section        0  fadd.o(.text)
    .text                                    0x08003ff6   Section        0  fmul.o(.text)
    .text                                    0x0800405a   Section        0  fdiv.o(.text)
    .text                                    0x080040d6   Section        0  dadd.o(.text)
    .text                                    0x08004224   Section        0  dmul.o(.text)
    .text                                    0x08004308   Section        0  ddiv.o(.text)
    .text                                    0x080043e6   Section        0  fflti.o(.text)
    .text                                    0x080043f8   Section        0  ffltui.o(.text)
    .text                                    0x08004402   Section        0  ffixi.o(.text)
    .text                                    0x08004434   Section        0  ffixui.o(.text)
    .text                                    0x0800445c   Section        0  dfixui.o(.text)
    .text                                    0x0800448e   Section        0  f2d.o(.text)
    .text                                    0x080044b4   Section       48  cdrcmple.o(.text)
    .text                                    0x080044e4   Section        0  d2f.o(.text)
    .text                                    0x0800451c   Section       20  cfcmple.o(.text)
    .text                                    0x08004530   Section       20  cfrcmple.o(.text)
    .text                                    0x08004544   Section        0  uidiv.o(.text)
    .text                                    0x08004570   Section        0  uldiv.o(.text)
    .text                                    0x080045d2   Section        0  llshl.o(.text)
    .text                                    0x080045f0   Section        0  llushr.o(.text)
    .text                                    0x08004610   Section        0  llsshr.o(.text)
    .text                                    0x08004634   Section        0  iusefp.o(.text)
    .text                                    0x08004634   Section        0  fepilogue.o(.text)
    .text                                    0x080046a2   Section        0  depilogue.o(.text)
    .text                                    0x0800475c   Section        0  dfixul.o(.text)
    .text                                    0x0800478c   Section       36  init.o(.text)
    .text                                    0x080047b0   Section        0  dscalb.o(.text)
    .text                                    0x080047de   Section        0  dflti.o(.text)
    .text                                    0x08004800   Section        0  dfltui.o(.text)
    .text                                    0x0800481a   Section        0  dfixi.o(.text)
    .text                                    0x08004858   Section        0  __dczerorl2.o(.text)
    i.__0sprintf                             0x080048b0   Section        0  printfa.o(i.__0sprintf)
    i.__ARM_fpclassify                       0x080048d8   Section        0  fpclassify.o(i.__ARM_fpclassify)
    i.__ieee754_rem_pio2                     0x08004900   Section        0  rred.o(i.__ieee754_rem_pio2)
    i.__kernel_cos                           0x08004c88   Section        0  cos_i.o(i.__kernel_cos)
    i.__kernel_poly                          0x08004d84   Section        0  poly.o(i.__kernel_poly)
    i.__kernel_sin                           0x08004e30   Section        0  sin_i.o(i.__kernel_sin)
    i.__mathlib_dbl_infnan                   0x08004f1c   Section        0  dunder.o(i.__mathlib_dbl_infnan)
    i.__mathlib_dbl_invalid                  0x08004f22   Section        0  dunder.o(i.__mathlib_dbl_invalid)
    i.__mathlib_dbl_underflow                0x08004f30   Section        0  dunder.o(i.__mathlib_dbl_underflow)
    i.__scatterload_copy                     0x08004f40   Section       14  handlers.o(i.__scatterload_copy)
    i.__scatterload_null                     0x08004f4e   Section        2  handlers.o(i.__scatterload_null)
    i.__scatterload_zeroinit                 0x08004f50   Section       14  handlers.o(i.__scatterload_zeroinit)
    i.__set_errno                            0x08004f60   Section        0  errno.o(i.__set_errno)
    i._fp_digits                             0x08004f6c   Section        0  printfa.o(i._fp_digits)
    _fp_digits                               0x08004f6d   Thumb Code   366  printfa.o(i._fp_digits)
    i._printf_core                           0x080050f0   Section        0  printfa.o(i._printf_core)
    _printf_core                             0x080050f1   Thumb Code  1744  printfa.o(i._printf_core)
    i._printf_post_padding                   0x080057cc   Section        0  printfa.o(i._printf_post_padding)
    _printf_post_padding                     0x080057cd   Thumb Code    36  printfa.o(i._printf_post_padding)
    i._printf_pre_padding                    0x080057f0   Section        0  printfa.o(i._printf_pre_padding)
    _printf_pre_padding                      0x080057f1   Thumb Code    46  printfa.o(i._printf_pre_padding)
    i._sputc                                 0x0800581e   Section        0  printfa.o(i._sputc)
    _sputc                                   0x0800581f   Thumb Code    10  printfa.o(i._sputc)
    i.cos                                    0x08005828   Section        0  cos.o(i.cos)
    i.free                                   0x080058c4   Section        0  malloc.o(i.free)
    i.malloc                                 0x08005914   Section        0  malloc.o(i.malloc)
    i.sin                                    0x08005980   Section        0  sin.o(i.sin)
    .constdata                               0x08005a20   Section     2072  oled.o(.constdata)
    .constdata                               0x08006238   Section       48  cos_i.o(.constdata)
    C                                        0x08006238   Data          48  cos_i.o(.constdata)
    .constdata                               0x08006268   Section      200  rred.o(.constdata)
    pio2s                                    0x08006268   Data          48  rred.o(.constdata)
    twooverpi                                0x08006298   Data         152  rred.o(.constdata)
    .constdata                               0x08006330   Section       40  sin_i.o(.constdata)
    S                                        0x08006330   Data          40  sin_i.o(.constdata)
    .conststring                             0x08006358   Section       54  menu.o(.conststring)
    .data                                    0x20000000   Section      128  main.o(.data)
    .data                                    0x20000080   Section       20  system_stm32f10x.o(.data)
    .data                                    0x20000094   Section       20  stm32f10x_rcc.o(.data)
    APBAHBPrescTable                         0x20000094   Data          16  stm32f10x_rcc.o(.data)
    ADCPrescTable                            0x200000a4   Data           4  stm32f10x_rcc.o(.data)
    .data                                    0x200000a8   Section        4  delay.o(.data)
    fac_us                                   0x200000a8   Data           1  delay.o(.data)
    fac_ms                                   0x200000aa   Data           2  delay.o(.data)
    .data                                    0x200000ac   Section        8  usart.o(.data)
    .data                                    0x200000b4   Section      448  oled.o(.data)
    .data                                    0x20000274   Section       92  menu.o(.data)
    .data                                    0x200002d0   Section       56  pid.o(.data)
    .data                                    0x20000308   Section       20  timer.o(.data)
    .data                                    0x2000031c   Section        4  mvars.o(.data)
    .data                                    0x20000320   Section        4  mvars.o(.data)
    .data                                    0x20000324   Section        4  errno.o(.data)
    _errno                                   0x20000324   Data           4  errno.o(.data)
    .bss                                     0x20000328   Section      400  usart.o(.bss)
    .bss                                     0x200004b8   Section     1024  oled.o(.bss)
    .bss                                     0x200008b8   Section      172  menu.o(.bss)
    .bss                                     0x20000964   Section     1024  stmflash.o(.bss)
    HEAP                                     0x20000d68   Section      512  startup_stm32f10x_md.o(HEAP)
    STACK                                    0x20000f68   Section     1024  startup_stm32f10x_md.o(STACK)

    Global Symbols

    Symbol Name                              Value     Ov Type        Size  Object(Section)

    BuildAttributes$$THM_ISAv4$P$D$K$B$S$PE$A:L22UL41UL21$X:L11$S22US41US21$IEEE1$IW$USESV6$~STKCKD$USESV7$~SHL$OTIME$ROPI$IEEEX$EBA8$MICROLIB$REQ8$PRES8$EABIv2 0x00000000   Number         0  anon$$obj.o ABSOLUTE
    __ARM_use_no_argv                        0x00000000   Number         0  main.o ABSOLUTE
    __use_no_errno                           0x00000000   Number         0  useno.o ABSOLUTE
    __use_no_exception_handling              0x00000000   Number         0  useno.o ABSOLUTE
    __use_no_fp                              0x00000000   Number         0  useno.o ABSOLUTE
    __use_no_heap                            0x00000000   Number         0  useno.o ABSOLUTE
    __use_no_heap_region                     0x00000000   Number         0  useno.o ABSOLUTE
    __use_no_semihosting                     0x00000000   Number         0  useno.o ABSOLUTE
    __use_no_semihosting_swi                 0x00000000   Number         0  useno.o ABSOLUTE
    __use_no_signal_handling                 0x00000000   Number         0  useno.o ABSOLUTE
    _printf_a                                0x00000000   Number         0  stubs.o ABSOLUTE
    _printf_c                                0x00000000   Number         0  stubs.o ABSOLUTE
    _printf_charcount                        0x00000000   Number         0  stubs.o ABSOLUTE
    _printf_d                                0x00000000   Number         0  stubs.o ABSOLUTE
    _printf_e                                0x00000000   Number         0  stubs.o ABSOLUTE
    _printf_f                                0x00000000   Number         0  stubs.o ABSOLUTE
    _printf_flags                            0x00000000   Number         0  stubs.o ABSOLUTE
    _printf_fp_dec                           0x00000000   Number         0  stubs.o ABSOLUTE
    _printf_fp_hex                           0x00000000   Number         0  stubs.o ABSOLUTE
    _printf_g                                0x00000000   Number         0  stubs.o ABSOLUTE
    _printf_i                                0x00000000   Number         0  stubs.o ABSOLUTE
    _printf_int_dec                          0x00000000   Number         0  stubs.o ABSOLUTE
    _printf_l                                0x00000000   Number         0  stubs.o ABSOLUTE
    _printf_lc                               0x00000000   Number         0  stubs.o ABSOLUTE
    _printf_ll                               0x00000000   Number         0  stubs.o ABSOLUTE
    _printf_lld                              0x00000000   Number         0  stubs.o ABSOLUTE
    _printf_lli                              0x00000000   Number         0  stubs.o ABSOLUTE
    _printf_llo                              0x00000000   Number         0  stubs.o ABSOLUTE
    _printf_llu                              0x00000000   Number         0  stubs.o ABSOLUTE
    _printf_llx                              0x00000000   Number         0  stubs.o ABSOLUTE
    _printf_longlong_dec                     0x00000000   Number         0  stubs.o ABSOLUTE
    _printf_longlong_hex                     0x00000000   Number         0  stubs.o ABSOLUTE
    _printf_longlong_oct                     0x00000000   Number         0  stubs.o ABSOLUTE
    _printf_ls                               0x00000000   Number         0  stubs.o ABSOLUTE
    _printf_mbtowc                           0x00000000   Number         0  stubs.o ABSOLUTE
    _printf_n                                0x00000000   Number         0  stubs.o ABSOLUTE
    _printf_o                                0x00000000   Number         0  stubs.o ABSOLUTE
    _printf_p                                0x00000000   Number         0  stubs.o ABSOLUTE
    _printf_percent                          0x00000000   Number         0  stubs.o ABSOLUTE
    _printf_pre_padding                      0x00000000   Number         0  stubs.o ABSOLUTE
    _printf_return_value                     0x00000000   Number         0  stubs.o ABSOLUTE
    _printf_s                                0x00000000   Number         0  stubs.o ABSOLUTE
    _printf_sizespec                         0x00000000   Number         0  stubs.o ABSOLUTE
    _printf_str                              0x00000000   Number         0  stubs.o ABSOLUTE
    _printf_truncate_signed                  0x00000000   Number         0  stubs.o ABSOLUTE
    _printf_truncate_unsigned                0x00000000   Number         0  stubs.o ABSOLUTE
    _printf_u                                0x00000000   Number         0  stubs.o ABSOLUTE
    _printf_wc                               0x00000000   Number         0  stubs.o ABSOLUTE
    _printf_wctomb                           0x00000000   Number         0  stubs.o ABSOLUTE
    _printf_widthprec                        0x00000000   Number         0  stubs.o ABSOLUTE
    _printf_x                                0x00000000   Number         0  stubs.o ABSOLUTE
    __cpp_initialize__aeabi_                  - Undefined Weak Reference
    __cxa_finalize                            - Undefined Weak Reference
    _clock_init                               - Undefined Weak Reference
    _microlib_exit                            - Undefined Weak Reference
    __Vectors_Size                           0x000000ec   Number         0  startup_stm32f10x_md.o ABSOLUTE
    __Vectors                                0x08000000   Data           4  startup_stm32f10x_md.o(RESET)
    __Vectors_End                            0x080000ec   Data           0  startup_stm32f10x_md.o(RESET)
    __main                                   0x080000ed   Thumb Code     0  entry.o(.ARM.Collect$$$$00000000)
    _main_stk                                0x080000ed   Thumb Code     0  entry2.o(.ARM.Collect$$$$00000001)
    _main_scatterload                        0x080000f1   Thumb Code     0  entry5.o(.ARM.Collect$$$$00000004)
    __main_after_scatterload                 0x080000f5   Thumb Code     0  entry5.o(.ARM.Collect$$$$00000004)
    _main_clock                              0x080000f5   Thumb Code     0  entry7b.o(.ARM.Collect$$$$00000008)
    _main_cpp_init                           0x080000f5   Thumb Code     0  entry8b.o(.ARM.Collect$$$$0000000A)
    _main_init                               0x080000f5   Thumb Code     0  entry9a.o(.ARM.Collect$$$$0000000B)
    __rt_final_cpp                           0x080000fd   Thumb Code     0  entry10a.o(.ARM.Collect$$$$0000000D)
    __rt_final_exit                          0x080000fd   Thumb Code     0  entry11a.o(.ARM.Collect$$$$0000000F)
    usart2_send_char                         0x08000101   Thumb Code    22  main.o(.text)
    usart1_send_char                         0x08000117   Thumb Code    22  main.o(.text)
    SolveMyData                              0x0800012d   Thumb Code    14  main.o(.text)
    sendData                                 0x0800013b   Thumb Code   184  main.o(.text)
    main                                     0x080001f3   Thumb Code    38  main.o(.text)
    NMI_Handler                              0x08000221   Thumb Code     2  stm32f10x_it.o(.text)
    HardFault_Handler                        0x08000223   Thumb Code     4  stm32f10x_it.o(.text)
    MemManage_Handler                        0x08000227   Thumb Code     4  stm32f10x_it.o(.text)
    BusFault_Handler                         0x0800022b   Thumb Code     4  stm32f10x_it.o(.text)
    UsageFault_Handler                       0x0800022f   Thumb Code     4  stm32f10x_it.o(.text)
    SVC_Handler                              0x08000233   Thumb Code     2  stm32f10x_it.o(.text)
    DebugMon_Handler                         0x08000235   Thumb Code     2  stm32f10x_it.o(.text)
    PendSV_Handler                           0x08000237   Thumb Code     2  stm32f10x_it.o(.text)
    SysTick_Handler                          0x08000239   Thumb Code     2  stm32f10x_it.o(.text)
    SystemInit                               0x0800031b   Thumb Code    78  system_stm32f10x.o(.text)
    SystemCoreClockUpdate                    0x08000369   Thumb Code   142  system_stm32f10x.o(.text)
    Reset_Handler                            0x0800041d   Thumb Code     8  startup_stm32f10x_md.o(.text)
    ADC1_2_IRQHandler                        0x08000437   Thumb Code     0  startup_stm32f10x_md.o(.text)
    CAN1_RX1_IRQHandler                      0x08000437   Thumb Code     0  startup_stm32f10x_md.o(.text)
    CAN1_SCE_IRQHandler                      0x08000437   Thumb Code     0  startup_stm32f10x_md.o(.text)
    DMA1_Channel1_IRQHandler                 0x08000437   Thumb Code     0  startup_stm32f10x_md.o(.text)
    DMA1_Channel2_IRQHandler                 0x08000437   Thumb Code     0  startup_stm32f10x_md.o(.text)
    DMA1_Channel3_IRQHandler                 0x08000437   Thumb Code     0  startup_stm32f10x_md.o(.text)
    DMA1_Channel4_IRQHandler                 0x08000437   Thumb Code     0  startup_stm32f10x_md.o(.text)
    DMA1_Channel5_IRQHandler                 0x08000437   Thumb Code     0  startup_stm32f10x_md.o(.text)
    DMA1_Channel6_IRQHandler                 0x08000437   Thumb Code     0  startup_stm32f10x_md.o(.text)
    DMA1_Channel7_IRQHandler                 0x08000437   Thumb Code     0  startup_stm32f10x_md.o(.text)
    EXTI0_IRQHandler                         0x08000437   Thumb Code     0  startup_stm32f10x_md.o(.text)
    EXTI15_10_IRQHandler                     0x08000437   Thumb Code     0  startup_stm32f10x_md.o(.text)
    EXTI1_IRQHandler                         0x08000437   Thumb Code     0  startup_stm32f10x_md.o(.text)
    EXTI2_IRQHandler                         0x08000437   Thumb Code     0  startup_stm32f10x_md.o(.text)
    EXTI3_IRQHandler                         0x08000437   Thumb Code     0  startup_stm32f10x_md.o(.text)
    EXTI4_IRQHandler                         0x08000437   Thumb Code     0  startup_stm32f10x_md.o(.text)
    EXTI9_5_IRQHandler                       0x08000437   Thumb Code     0  startup_stm32f10x_md.o(.text)
    FLASH_IRQHandler                         0x08000437   Thumb Code     0  startup_stm32f10x_md.o(.text)
    I2C1_ER_IRQHandler                       0x08000437   Thumb Code     0  startup_stm32f10x_md.o(.text)
    I2C1_EV_IRQHandler                       0x08000437   Thumb Code     0  startup_stm32f10x_md.o(.text)
    I2C2_ER_IRQHandler                       0x08000437   Thumb Code     0  startup_stm32f10x_md.o(.text)
    I2C2_EV_IRQHandler                       0x08000437   Thumb Code     0  startup_stm32f10x_md.o(.text)
    PVD_IRQHandler                           0x08000437   Thumb Code     0  startup_stm32f10x_md.o(.text)
    RCC_IRQHandler                           0x08000437   Thumb Code     0  startup_stm32f10x_md.o(.text)
    RTCAlarm_IRQHandler                      0x08000437   Thumb Code     0  startup_stm32f10x_md.o(.text)
    RTC_IRQHandler                           0x08000437   Thumb Code     0  startup_stm32f10x_md.o(.text)
    SPI1_IRQHandler                          0x08000437   Thumb Code     0  startup_stm32f10x_md.o(.text)
    SPI2_IRQHandler                          0x08000437   Thumb Code     0  startup_stm32f10x_md.o(.text)
    TAMPER_IRQHandler                        0x08000437   Thumb Code     0  startup_stm32f10x_md.o(.text)
    TIM1_BRK_IRQHandler                      0x08000437   Thumb Code     0  startup_stm32f10x_md.o(.text)
    TIM1_CC_IRQHandler                       0x08000437   Thumb Code     0  startup_stm32f10x_md.o(.text)
    TIM1_TRG_COM_IRQHandler                  0x08000437   Thumb Code     0  startup_stm32f10x_md.o(.text)
    TIM1_UP_IRQHandler                       0x08000437   Thumb Code     0  startup_stm32f10x_md.o(.text)
    TIM3_IRQHandler                          0x08000437   Thumb Code     0  startup_stm32f10x_md.o(.text)
    USART3_IRQHandler                        0x08000437   Thumb Code     0  startup_stm32f10x_md.o(.text)
    USBWakeUp_IRQHandler                     0x08000437   Thumb Code     0  startup_stm32f10x_md.o(.text)
    USB_HP_CAN1_TX_IRQHandler                0x08000437   Thumb Code     0  startup_stm32f10x_md.o(.text)
    USB_LP_CAN1_RX0_IRQHandler               0x08000437   Thumb Code     0  startup_stm32f10x_md.o(.text)
    WWDG_IRQHandler                          0x08000437   Thumb Code     0  startup_stm32f10x_md.o(.text)
    NVIC_PriorityGroupConfig                 0x08000441   Thumb Code    10  misc.o(.text)
    NVIC_Init                                0x0800044b   Thumb Code   100  misc.o(.text)
    NVIC_SetVectorTable                      0x080004af   Thumb Code    14  misc.o(.text)
    NVIC_SystemLPConfig                      0x080004bd   Thumb Code    34  misc.o(.text)
    SysTick_CLKSourceConfig                  0x080004df   Thumb Code    40  misc.o(.text)
    FLASH_SetLatency                         0x0800051d   Thumb Code    18  stm32f10x_flash.o(.text)
    FLASH_HalfCycleAccessCmd                 0x0800052f   Thumb Code    22  stm32f10x_flash.o(.text)
    FLASH_PrefetchBufferCmd                  0x08000545   Thumb Code    22  stm32f10x_flash.o(.text)
    FLASH_Unlock                             0x0800055b   Thumb Code    12  stm32f10x_flash.o(.text)
    FLASH_UnlockBank1                        0x08000567   Thumb Code    12  stm32f10x_flash.o(.text)
    FLASH_Lock                               0x08000573   Thumb Code    14  stm32f10x_flash.o(.text)
    FLASH_LockBank1                          0x08000581   Thumb Code    14  stm32f10x_flash.o(.text)
    FLASH_GetBank1Status                     0x0800058f   Thumb Code    48  stm32f10x_flash.o(.text)
    FLASH_WaitForLastOperation               0x080005bf   Thumb Code    38  stm32f10x_flash.o(.text)
    FLASH_ErasePage                          0x080005e5   Thumb Code    72  stm32f10x_flash.o(.text)
    FLASH_EraseAllPages                      0x0800062d   Thumb Code    68  stm32f10x_flash.o(.text)
    FLASH_WaitForLastBank1Operation          0x08000671   Thumb Code    38  stm32f10x_flash.o(.text)
    FLASH_EraseAllBank1Pages                 0x08000697   Thumb Code    68  stm32f10x_flash.o(.text)
    FLASH_GetReadOutProtectionStatus         0x080006db   Thumb Code    20  stm32f10x_flash.o(.text)
    FLASH_EraseOptionBytes                   0x080006ef   Thumb Code   150  stm32f10x_flash.o(.text)
    FLASH_ProgramWord                        0x08000785   Thumb Code   102  stm32f10x_flash.o(.text)
    FLASH_ProgramHalfWord                    0x080007eb   Thumb Code    60  stm32f10x_flash.o(.text)
    FLASH_ProgramOptionByteData              0x08000827   Thumb Code    72  stm32f10x_flash.o(.text)
    FLASH_EnableWriteProtection              0x0800086f   Thumb Code   200  stm32f10x_flash.o(.text)
    FLASH_ReadOutProtection                  0x08000937   Thumb Code   156  stm32f10x_flash.o(.text)
    FLASH_UserOptionByteConfig               0x080009d3   Thumb Code    88  stm32f10x_flash.o(.text)
    FLASH_GetUserOptionByte                  0x08000a2b   Thumb Code     8  stm32f10x_flash.o(.text)
    FLASH_GetWriteProtectionOptionByte       0x08000a33   Thumb Code     6  stm32f10x_flash.o(.text)
    FLASH_GetPrefetchBufferStatus            0x08000a39   Thumb Code    20  stm32f10x_flash.o(.text)
    FLASH_ITConfig                           0x08000a4d   Thumb Code    26  stm32f10x_flash.o(.text)
    FLASH_GetFlagStatus                      0x08000a67   Thumb Code    42  stm32f10x_flash.o(.text)
    FLASH_ClearFlag                          0x08000a91   Thumb Code     6  stm32f10x_flash.o(.text)
    FLASH_GetStatus                          0x08000a97   Thumb Code    48  stm32f10x_flash.o(.text)
    GPIO_DeInit                              0x08000ad9   Thumb Code   172  stm32f10x_gpio.o(.text)
    GPIO_AFIODeInit                          0x08000b85   Thumb Code    20  stm32f10x_gpio.o(.text)
    GPIO_Init                                0x08000b99   Thumb Code   278  stm32f10x_gpio.o(.text)
    GPIO_StructInit                          0x08000caf   Thumb Code    16  stm32f10x_gpio.o(.text)
    GPIO_ReadInputDataBit                    0x08000cbf   Thumb Code    18  stm32f10x_gpio.o(.text)
    GPIO_ReadInputData                       0x08000cd1   Thumb Code     8  stm32f10x_gpio.o(.text)
    GPIO_ReadOutputDataBit                   0x08000cd9   Thumb Code    18  stm32f10x_gpio.o(.text)
    GPIO_ReadOutputData                      0x08000ceb   Thumb Code     8  stm32f10x_gpio.o(.text)
    GPIO_SetBits                             0x08000cf3   Thumb Code     4  stm32f10x_gpio.o(.text)
    GPIO_ResetBits                           0x08000cf7   Thumb Code     4  stm32f10x_gpio.o(.text)
    GPIO_WriteBit                            0x08000cfb   Thumb Code    10  stm32f10x_gpio.o(.text)
    GPIO_Write                               0x08000d05   Thumb Code     4  stm32f10x_gpio.o(.text)
    GPIO_PinLockConfig                       0x08000d09   Thumb Code    18  stm32f10x_gpio.o(.text)
    GPIO_EventOutputConfig                   0x08000d1b   Thumb Code    26  stm32f10x_gpio.o(.text)
    GPIO_EventOutputCmd                      0x08000d35   Thumb Code     6  stm32f10x_gpio.o(.text)
    GPIO_PinRemapConfig                      0x08000d3b   Thumb Code   138  stm32f10x_gpio.o(.text)
    GPIO_EXTILineConfig                      0x08000dc5   Thumb Code    66  stm32f10x_gpio.o(.text)
    GPIO_ETH_MediaInterfaceConfig            0x08000e07   Thumb Code     8  stm32f10x_gpio.o(.text)
    RCC_DeInit                               0x08000e35   Thumb Code    64  stm32f10x_rcc.o(.text)
    RCC_HSEConfig                            0x08000e75   Thumb Code    70  stm32f10x_rcc.o(.text)
    RCC_GetFlagStatus                        0x08000ebb   Thumb Code    56  stm32f10x_rcc.o(.text)
    RCC_WaitForHSEStartUp                    0x08000ef3   Thumb Code    56  stm32f10x_rcc.o(.text)
    RCC_AdjustHSICalibrationValue            0x08000f2b   Thumb Code    20  stm32f10x_rcc.o(.text)
    RCC_HSICmd                               0x08000f3f   Thumb Code     6  stm32f10x_rcc.o(.text)
    RCC_PLLConfig                            0x08000f45   Thumb Code    24  stm32f10x_rcc.o(.text)
    RCC_PLLCmd                               0x08000f5d   Thumb Code     6  stm32f10x_rcc.o(.text)
    RCC_SYSCLKConfig                         0x08000f63   Thumb Code    18  stm32f10x_rcc.o(.text)
    RCC_GetSYSCLKSource                      0x08000f75   Thumb Code    10  stm32f10x_rcc.o(.text)
    RCC_HCLKConfig                           0x08000f7f   Thumb Code    18  stm32f10x_rcc.o(.text)
    RCC_PCLK1Config                          0x08000f91   Thumb Code    18  stm32f10x_rcc.o(.text)
    RCC_PCLK2Config                          0x08000fa3   Thumb Code    20  stm32f10x_rcc.o(.text)
    RCC_ITConfig                             0x08000fb7   Thumb Code    26  stm32f10x_rcc.o(.text)
    RCC_USBCLKConfig                         0x08000fd1   Thumb Code     8  stm32f10x_rcc.o(.text)
    RCC_ADCCLKConfig                         0x08000fd9   Thumb Code    18  stm32f10x_rcc.o(.text)
    RCC_LSEConfig                            0x08000feb   Thumb Code    50  stm32f10x_rcc.o(.text)
    RCC_LSICmd                               0x0800101d   Thumb Code     6  stm32f10x_rcc.o(.text)
    RCC_RTCCLKConfig                         0x08001023   Thumb Code    12  stm32f10x_rcc.o(.text)
    RCC_RTCCLKCmd                            0x0800102f   Thumb Code     8  stm32f10x_rcc.o(.text)
    RCC_GetClocksFreq                        0x08001037   Thumb Code   192  stm32f10x_rcc.o(.text)
    RCC_AHBPeriphClockCmd                    0x080010f7   Thumb Code    26  stm32f10x_rcc.o(.text)
    RCC_APB2PeriphClockCmd                   0x08001111   Thumb Code    26  stm32f10x_rcc.o(.text)
    RCC_APB1PeriphClockCmd                   0x0800112b   Thumb Code    26  stm32f10x_rcc.o(.text)
    RCC_APB2PeriphResetCmd                   0x08001145   Thumb Code    26  stm32f10x_rcc.o(.text)
    RCC_APB1PeriphResetCmd                   0x0800115f   Thumb Code    26  stm32f10x_rcc.o(.text)
    RCC_BackupResetCmd                       0x08001179   Thumb Code     8  stm32f10x_rcc.o(.text)
    RCC_ClockSecuritySystemCmd               0x08001181   Thumb Code     6  stm32f10x_rcc.o(.text)
    RCC_MCOConfig                            0x08001187   Thumb Code     6  stm32f10x_rcc.o(.text)
    RCC_ClearFlag                            0x0800118d   Thumb Code    14  stm32f10x_rcc.o(.text)
    RCC_GetITStatus                          0x0800119b   Thumb Code    20  stm32f10x_rcc.o(.text)
    RCC_ClearITPendingBit                    0x080011af   Thumb Code     6  stm32f10x_rcc.o(.text)
    TIM_DeInit                               0x080011d9   Thumb Code   424  stm32f10x_tim.o(.text)
    TIM_TimeBaseInit                         0x08001381   Thumb Code   122  stm32f10x_tim.o(.text)
    TIM_OC1Init                              0x080013fb   Thumb Code   132  stm32f10x_tim.o(.text)
    TIM_OC2Init                              0x0800147f   Thumb Code   154  stm32f10x_tim.o(.text)
    TIM_OC3Init                              0x08001519   Thumb Code   150  stm32f10x_tim.o(.text)
    TIM_OC4Init                              0x080015af   Thumb Code   182  stm32f10x_tim.o(.text)
    TIM_SetIC4Prescaler                      0x08001665   Thumb Code    26  stm32f10x_tim.o(.text)
    TIM_SetIC3Prescaler                      0x08001701   Thumb Code    18  stm32f10x_tim.o(.text)
    TIM_SetIC2Prescaler                      0x0800178d   Thumb Code    26  stm32f10x_tim.o(.text)
    TIM_SetIC1Prescaler                      0x08001829   Thumb Code    18  stm32f10x_tim.o(.text)
    TIM_ICInit                               0x080018a7   Thumb Code   150  stm32f10x_tim.o(.text)
    TIM_PWMIConfig                           0x0800193d   Thumb Code   124  stm32f10x_tim.o(.text)
    TIM_BDTRConfig                           0x080019b9   Thumb Code    32  stm32f10x_tim.o(.text)
    TIM_TimeBaseStructInit                   0x080019d9   Thumb Code    18  stm32f10x_tim.o(.text)
    TIM_OCStructInit                         0x080019eb   Thumb Code    20  stm32f10x_tim.o(.text)
    TIM_ICStructInit                         0x080019ff   Thumb Code    18  stm32f10x_tim.o(.text)
    TIM_BDTRStructInit                       0x08001a11   Thumb Code    40  stm32f10x_tim.o(.text)
    TIM_Cmd                                  0x08001a39   Thumb Code    24  stm32f10x_tim.o(.text)
    TIM_CtrlPWMOutputs                       0x08001a51   Thumb Code    30  stm32f10x_tim.o(.text)
    TIM_ITConfig                             0x08001a6f   Thumb Code    18  stm32f10x_tim.o(.text)
    TIM_GenerateEvent                        0x08001a81   Thumb Code     4  stm32f10x_tim.o(.text)
    TIM_DMAConfig                            0x08001a85   Thumb Code    10  stm32f10x_tim.o(.text)
    TIM_DMACmd                               0x08001a8f   Thumb Code    18  stm32f10x_tim.o(.text)
    TIM_InternalClockConfig                  0x08001aa1   Thumb Code    12  stm32f10x_tim.o(.text)
    TIM_SelectInputTrigger                   0x08001aad   Thumb Code    18  stm32f10x_tim.o(.text)
    TIM_ITRxExternalClockConfig              0x08001abf   Thumb Code    24  stm32f10x_tim.o(.text)
    TIM_TIxExternalClockConfig               0x08001ad7   Thumb Code    62  stm32f10x_tim.o(.text)
    TIM_ETRConfig                            0x08001b15   Thumb Code    28  stm32f10x_tim.o(.text)
    TIM_ETRClockMode1Config                  0x08001b31   Thumb Code    54  stm32f10x_tim.o(.text)
    TIM_ETRClockMode2Config                  0x08001b67   Thumb Code    32  stm32f10x_tim.o(.text)
    TIM_PrescalerConfig                      0x08001b87   Thumb Code     6  stm32f10x_tim.o(.text)
    TIM_CounterModeConfig                    0x08001b8d   Thumb Code    18  stm32f10x_tim.o(.text)
    TIM_EncoderInterfaceConfig               0x08001b9f   Thumb Code    66  stm32f10x_tim.o(.text)
    TIM_ForcedOC1Config                      0x08001be1   Thumb Code    18  stm32f10x_tim.o(.text)
    TIM_ForcedOC2Config                      0x08001bf3   Thumb Code    26  stm32f10x_tim.o(.text)
    TIM_ForcedOC3Config                      0x08001c0d   Thumb Code    18  stm32f10x_tim.o(.text)
    TIM_ForcedOC4Config                      0x08001c1f   Thumb Code    26  stm32f10x_tim.o(.text)
    TIM_ARRPreloadConfig                     0x08001c39   Thumb Code    24  stm32f10x_tim.o(.text)
    TIM_SelectCOM                            0x08001c51   Thumb Code    24  stm32f10x_tim.o(.text)
    TIM_SelectCCDMA                          0x08001c69   Thumb Code    24  stm32f10x_tim.o(.text)
    TIM_CCPreloadControl                     0x08001c81   Thumb Code    24  stm32f10x_tim.o(.text)
    TIM_OC1PreloadConfig                     0x08001c99   Thumb Code    18  stm32f10x_tim.o(.text)
    TIM_OC2PreloadConfig                     0x08001cab   Thumb Code    26  stm32f10x_tim.o(.text)
    TIM_OC3PreloadConfig                     0x08001cc5   Thumb Code    18  stm32f10x_tim.o(.text)
    TIM_OC4PreloadConfig                     0x08001cd7   Thumb Code    26  stm32f10x_tim.o(.text)
    TIM_OC1FastConfig                        0x08001cf1   Thumb Code    18  stm32f10x_tim.o(.text)
    TIM_OC2FastConfig                        0x08001d03   Thumb Code    26  stm32f10x_tim.o(.text)
    TIM_OC3FastConfig                        0x08001d1d   Thumb Code    18  stm32f10x_tim.o(.text)
    TIM_OC4FastConfig                        0x08001d2f   Thumb Code    26  stm32f10x_tim.o(.text)
    TIM_ClearOC1Ref                          0x08001d49   Thumb Code    18  stm32f10x_tim.o(.text)
    TIM_ClearOC2Ref                          0x08001d5b   Thumb Code    24  stm32f10x_tim.o(.text)
    TIM_ClearOC3Ref                          0x08001d73   Thumb Code    18  stm32f10x_tim.o(.text)
    TIM_ClearOC4Ref                          0x08001d85   Thumb Code    24  stm32f10x_tim.o(.text)
    TIM_OC1PolarityConfig                    0x08001d9d   Thumb Code    18  stm32f10x_tim.o(.text)
    TIM_OC1NPolarityConfig                   0x08001daf   Thumb Code    18  stm32f10x_tim.o(.text)
    TIM_OC2PolarityConfig                    0x08001dc1   Thumb Code    26  stm32f10x_tim.o(.text)
    TIM_OC2NPolarityConfig                   0x08001ddb   Thumb Code    26  stm32f10x_tim.o(.text)
    TIM_OC3PolarityConfig                    0x08001df5   Thumb Code    26  stm32f10x_tim.o(.text)
    TIM_OC3NPolarityConfig                   0x08001e0f   Thumb Code    26  stm32f10x_tim.o(.text)
    TIM_OC4PolarityConfig                    0x08001e29   Thumb Code    26  stm32f10x_tim.o(.text)
    TIM_CCxCmd                               0x08001e43   Thumb Code    30  stm32f10x_tim.o(.text)
    TIM_CCxNCmd                              0x08001e61   Thumb Code    30  stm32f10x_tim.o(.text)
    TIM_SelectOCxM                           0x08001e7f   Thumb Code    82  stm32f10x_tim.o(.text)
    TIM_UpdateDisableConfig                  0x08001ed1   Thumb Code    24  stm32f10x_tim.o(.text)
    TIM_UpdateRequestConfig                  0x08001ee9   Thumb Code    24  stm32f10x_tim.o(.text)
    TIM_SelectHallSensor                     0x08001f01   Thumb Code    24  stm32f10x_tim.o(.text)
    TIM_SelectOnePulseMode                   0x08001f19   Thumb Code    18  stm32f10x_tim.o(.text)
    TIM_SelectOutputTrigger                  0x08001f2b   Thumb Code    18  stm32f10x_tim.o(.text)
    TIM_SelectSlaveMode                      0x08001f3d   Thumb Code    18  stm32f10x_tim.o(.text)
    TIM_SelectMasterSlaveMode                0x08001f4f   Thumb Code    18  stm32f10x_tim.o(.text)
    TIM_SetCounter                           0x08001f61   Thumb Code     4  stm32f10x_tim.o(.text)
    TIM_SetAutoreload                        0x08001f65   Thumb Code     4  stm32f10x_tim.o(.text)
    TIM_SetCompare1                          0x08001f69   Thumb Code     4  stm32f10x_tim.o(.text)
    TIM_SetCompare2                          0x08001f6d   Thumb Code     4  stm32f10x_tim.o(.text)
    TIM_SetCompare3                          0x08001f71   Thumb Code     4  stm32f10x_tim.o(.text)
    TIM_SetCompare4                          0x08001f75   Thumb Code     6  stm32f10x_tim.o(.text)
    TIM_SetClockDivision                     0x08001f7b   Thumb Code    18  stm32f10x_tim.o(.text)
    TIM_GetCapture1                          0x08001f8d   Thumb Code     6  stm32f10x_tim.o(.text)
    TIM_GetCapture2                          0x08001f93   Thumb Code     6  stm32f10x_tim.o(.text)
    TIM_GetCapture3                          0x08001f99   Thumb Code     6  stm32f10x_tim.o(.text)
    TIM_GetCapture4                          0x08001f9f   Thumb Code     8  stm32f10x_tim.o(.text)
    TIM_GetCounter                           0x08001fa7   Thumb Code     6  stm32f10x_tim.o(.text)
    TIM_GetPrescaler                         0x08001fad   Thumb Code     6  stm32f10x_tim.o(.text)
    TIM_GetFlagStatus                        0x08001fb3   Thumb Code    18  stm32f10x_tim.o(.text)
    TIM_ClearFlag                            0x08001fc5   Thumb Code     6  stm32f10x_tim.o(.text)
    TIM_GetITStatus                          0x08001fcb   Thumb Code    34  stm32f10x_tim.o(.text)
    TIM_ClearITPendingBit                    0x08001fed   Thumb Code     6  stm32f10x_tim.o(.text)
    USART_DeInit                             0x08001ff5   Thumb Code   134  stm32f10x_usart.o(.text)
    USART_Init                               0x0800207b   Thumb Code   210  stm32f10x_usart.o(.text)
    USART_StructInit                         0x0800214d   Thumb Code    24  stm32f10x_usart.o(.text)
    USART_ClockInit                          0x08002165   Thumb Code    34  stm32f10x_usart.o(.text)
    USART_ClockStructInit                    0x08002187   Thumb Code    12  stm32f10x_usart.o(.text)
    USART_Cmd                                0x08002193   Thumb Code    24  stm32f10x_usart.o(.text)
    USART_ITConfig                           0x080021ab   Thumb Code    74  stm32f10x_usart.o(.text)
    USART_DMACmd                             0x080021f5   Thumb Code    18  stm32f10x_usart.o(.text)
    USART_SetAddress                         0x08002207   Thumb Code    18  stm32f10x_usart.o(.text)
    USART_WakeUpConfig                       0x08002219   Thumb Code    18  stm32f10x_usart.o(.text)
    USART_ReceiverWakeUpCmd                  0x0800222b   Thumb Code    24  stm32f10x_usart.o(.text)
    USART_LINBreakDetectLengthConfig         0x08002243   Thumb Code    18  stm32f10x_usart.o(.text)
    USART_LINCmd                             0x08002255   Thumb Code    24  stm32f10x_usart.o(.text)
    USART_SendData                           0x0800226d   Thumb Code     8  stm32f10x_usart.o(.text)
    USART_ReceiveData                        0x08002275   Thumb Code    10  stm32f10x_usart.o(.text)
    USART_SendBreak                          0x0800227f   Thumb Code    10  stm32f10x_usart.o(.text)
    USART_SetGuardTime                       0x08002289   Thumb Code    16  stm32f10x_usart.o(.text)
    USART_SetPrescaler                       0x08002299   Thumb Code    16  stm32f10x_usart.o(.text)
    USART_SmartCardCmd                       0x080022a9   Thumb Code    24  stm32f10x_usart.o(.text)
    USART_SmartCardNACKCmd                   0x080022c1   Thumb Code    24  stm32f10x_usart.o(.text)
    USART_HalfDuplexCmd                      0x080022d9   Thumb Code    24  stm32f10x_usart.o(.text)
    USART_OverSampling8Cmd                   0x080022f1   Thumb Code    22  stm32f10x_usart.o(.text)
    USART_OneBitMethodCmd                    0x08002307   Thumb Code    24  stm32f10x_usart.o(.text)
    USART_IrDAConfig                         0x0800231f   Thumb Code    18  stm32f10x_usart.o(.text)
    USART_IrDACmd                            0x08002331   Thumb Code    24  stm32f10x_usart.o(.text)
    USART_GetFlagStatus                      0x08002349   Thumb Code    26  stm32f10x_usart.o(.text)
    USART_ClearFlag                          0x08002363   Thumb Code    18  stm32f10x_usart.o(.text)
    USART_GetITStatus                        0x08002375   Thumb Code    84  stm32f10x_usart.o(.text)
    USART_ClearITPendingBit                  0x080023c9   Thumb Code    52  stm32f10x_usart.o(.text)
    delay_init                               0x080023fd   Thumb Code    50  delay.o(.text)
    delay_us                                 0x0800242f   Thumb Code    72  delay.o(.text)
    delay_ms                                 0x08002477   Thumb Code    72  delay.o(.text)
    _sys_exit                                0x080024d1   Thumb Code     6  usart.o(.text)
    fputc                                    0x080024d7   Thumb Code    24  usart.o(.text)
    uart_init                                0x080024ef   Thumb Code   216  usart.o(.text)
    USART1_IRQHandler                        0x080025c7   Thumb Code   122  usart.o(.text)
    USART2_IRQHandler                        0x08002641   Thumb Code   122  usart.o(.text)
    OLED_WR_Byte                             0x080026dd   Thumb Code   108  oled.o(.text)
    OLED_WR_Byte2                            0x08002749   Thumb Code   108  oled.o(.text)
    OLED_Set_Pos                             0x080027b5   Thumb Code    46  oled.o(.text)
    OLED_Display_On                          0x080027e3   Thumb Code    28  oled.o(.text)
    OLED_Display_Off                         0x080027ff   Thumb Code    28  oled.o(.text)
    OLED_Clear                               0x0800281b   Thumb Code    64  oled.o(.text)
    OLED_Fill                                0x0800285b   Thumb Code    14  oled.o(.text)
    OLED_DrawPoint                           0x08002869   Thumb Code   100  oled.o(.text)
    OLED_Refresh_Gram                        0x080028cd   Thumb Code    70  oled.o(.text)
    OLED_ShowChar                            0x08002913   Thumb Code    66  oled.o(.text)
    oled_pow                                 0x08002955   Thumb Code    22  oled.o(.text)
    OLED_ShowNum                             0x0800296b   Thumb Code   132  oled.o(.text)
    OLED_ShowString                          0x080029ef   Thumb Code    48  oled.o(.text)
    OLED_ShowCHinese                         0x08002a1f   Thumb Code    98  oled.o(.text)
    OLED_DrawBMP                             0x08002a81   Thumb Code   140  oled.o(.text)
    OLED_Init                                0x08002b0d   Thumb Code   368  oled.o(.text)
    CountLine                                0x08002c85   Thumb Code    12  menu.o(.text)
    StringCopy                               0x08002c91   Thumb Code    24  menu.o(.text)
    CanShow                                  0x08002ca9   Thumb Code    26  menu.o(.text)
    Show_Text                                0x08002cc3   Thumb Code   220  menu.o(.text)
    Change_Page                              0x08002d9f   Thumb Code    68  menu.o(.text)
    Draw_course                              0x08002de3   Thumb Code    24  menu.o(.text)
    Draw_line                                0x08002dfb   Thumb Code   290  menu.o(.text)
    Get_key                                  0x08002f1d   Thumb Code   214  menu.o(.text)
    Set_Courese                              0x08002ff3   Thumb Code   284  menu.o(.text)
    _fatherPage                              0x0800310f   Thumb Code    92  menu.o(.text)
    Save_Data                                0x0800316b   Thumb Code   120  menu.o(.text)
    Change_Data                              0x080031e3   Thumb Code    64  menu.o(.text)
    Clear_Data                               0x08003223   Thumb Code    32  menu.o(.text)
    _PidPage                                 0x08003243   Thumb Code   238  menu.o(.text)
    _FlashSave                               0x08003331   Thumb Code    18  menu.o(.text)
    _FollowData                              0x08003343   Thumb Code    90  menu.o(.text)
    _SpeedPage                               0x0800339d   Thumb Code   206  menu.o(.text)
    Menue_Show                               0x0800346b   Thumb Code    20  menu.o(.text)
    Init_Menue                               0x0800347f   Thumb Code   350  menu.o(.text)
    KeyNumGet                                0x080035dd   Thumb Code    14  menu.o(.text)
    Draw_Rectangle                           0x080035eb   Thumb Code   184  menu.o(.text)
    Draw_Circle                              0x080036a3   Thumb Code   230  menu.o(.text)
    IsEmpty                                  0x0800379d   Thumb Code    44  queue.o(.text)
    IQueue                                   0x080037c9   Thumb Code    62  queue.o(.text)
    OQueue                                   0x08003807   Thumb Code    66  queue.o(.text)
    StackIsEmpty                             0x08003849   Thumb Code    18  stack.o(.text)
    Push                                     0x0800385b   Thumb Code    68  stack.o(.text)
    Pop                                      0x0800389f   Thumb Code    84  stack.o(.text)
    PID_Control                              0x080038f5   Thumb Code   224  pid.o(.text)
    PIDSpeed_Control                         0x080039d5   Thumb Code   194  pid.o(.text)
    MyAim                                    0x08003acd   Thumb Code   116  timer.o(.text)
    TIM2_Int_Init                            0x08003b41   Thumb Code    92  timer.o(.text)
    Encoder_Init_TIM4                        0x08003b9d   Thumb Code   148  timer.o(.text)
    Read_Encoder                             0x08003c31   Thumb Code    24  timer.o(.text)
    TIM4_IRQHandler                          0x08003c49   Thumb Code    24  timer.o(.text)
    TIM2_IRQHandler                          0x08003c61   Thumb Code   208  timer.o(.text)
    STMFLASH_ReadHalfWord                    0x08003d71   Thumb Code     6  stmflash.o(.text)
    STMFLASH_Write_NoCheck                   0x08003d77   Thumb Code    38  stmflash.o(.text)
    STMFLASH_Read                            0x08003d9d   Thumb Code    34  stmflash.o(.text)
    STMFLASH_Write                           0x08003dbf   Thumb Code   222  stmflash.o(.text)
    Test_Write                               0x08003e9d   Thumb Code    16  stmflash.o(.text)
    __aeabi_memcpy                           0x08003eb5   Thumb Code    36  memcpya.o(.text)
    __aeabi_memcpy4                          0x08003eb5   Thumb Code     0  memcpya.o(.text)
    __aeabi_memcpy8                          0x08003eb5   Thumb Code     0  memcpya.o(.text)
    __aeabi_memset                           0x08003ed9   Thumb Code    14  memseta.o(.text)
    __aeabi_memset4                          0x08003ed9   Thumb Code     0  memseta.o(.text)
    __aeabi_memset8                          0x08003ed9   Thumb Code     0  memseta.o(.text)
    __aeabi_memclr                           0x08003ee7   Thumb Code     4  memseta.o(.text)
    __aeabi_memclr4                          0x08003ee7   Thumb Code     0  memseta.o(.text)
    __aeabi_memclr8                          0x08003ee7   Thumb Code     0  memseta.o(.text)
    _memset$wrapper                          0x08003eeb   Thumb Code    18  memseta.o(.text)
    strcat                                   0x08003efd   Thumb Code    24  strcat.o(.text)
    strstr                                   0x08003f15   Thumb Code    36  strstr.o(.text)
    strlen                                   0x08003f39   Thumb Code    14  strlen.o(.text)
    __aeabi_fadd                             0x08003f47   Thumb Code   164  fadd.o(.text)
    __aeabi_fsub                             0x08003feb   Thumb Code     6  fadd.o(.text)
    __aeabi_frsub                            0x08003ff1   Thumb Code     6  fadd.o(.text)
    __aeabi_fmul                             0x08003ff7   Thumb Code   100  fmul.o(.text)
    __aeabi_fdiv                             0x0800405b   Thumb Code   124  fdiv.o(.text)
    __aeabi_dadd                             0x080040d7   Thumb Code   322  dadd.o(.text)
    __aeabi_dsub                             0x08004219   Thumb Code     6  dadd.o(.text)
    __aeabi_drsub                            0x0800421f   Thumb Code     6  dadd.o(.text)
    __aeabi_dmul                             0x08004225   Thumb Code   228  dmul.o(.text)
    __aeabi_ddiv                             0x08004309   Thumb Code   222  ddiv.o(.text)
    __aeabi_i2f                              0x080043e7   Thumb Code    18  fflti.o(.text)
    __aeabi_ui2f                             0x080043f9   Thumb Code    10  ffltui.o(.text)
    __aeabi_f2iz                             0x08004403   Thumb Code    50  ffixi.o(.text)
    __aeabi_f2uiz                            0x08004435   Thumb Code    40  ffixui.o(.text)
    __aeabi_d2uiz                            0x0800445d   Thumb Code    50  dfixui.o(.text)
    __aeabi_f2d                              0x0800448f   Thumb Code    38  f2d.o(.text)
    __aeabi_cdrcmple                         0x080044b5   Thumb Code    48  cdrcmple.o(.text)
    __aeabi_d2f                              0x080044e5   Thumb Code    56  d2f.o(.text)
    __aeabi_cfcmpeq                          0x0800451d   Thumb Code     0  cfcmple.o(.text)
    __aeabi_cfcmple                          0x0800451d   Thumb Code    20  cfcmple.o(.text)
    __aeabi_cfrcmple                         0x08004531   Thumb Code    20  cfrcmple.o(.text)
    __aeabi_uidiv                            0x08004545   Thumb Code     0  uidiv.o(.text)
    __aeabi_uidivmod                         0x08004545   Thumb Code    44  uidiv.o(.text)
    __aeabi_uldivmod                         0x08004571   Thumb Code    98  uldiv.o(.text)
    __aeabi_llsl                             0x080045d3   Thumb Code    30  llshl.o(.text)
    _ll_shift_l                              0x080045d3   Thumb Code     0  llshl.o(.text)
    __aeabi_llsr                             0x080045f1   Thumb Code    32  llushr.o(.text)
    _ll_ushift_r                             0x080045f1   Thumb Code     0  llushr.o(.text)
    __aeabi_lasr                             0x08004611   Thumb Code    36  llsshr.o(.text)
    _ll_sshift_r                             0x08004611   Thumb Code     0  llsshr.o(.text)
    __I$use$fp                               0x08004635   Thumb Code     0  iusefp.o(.text)
    _float_round                             0x08004635   Thumb Code    18  fepilogue.o(.text)
    _float_epilogue                          0x08004647   Thumb Code    92  fepilogue.o(.text)
    _double_round                            0x080046a3   Thumb Code    30  depilogue.o(.text)
    _double_epilogue                         0x080046c1   Thumb Code   156  depilogue.o(.text)
    __aeabi_d2ulz                            0x0800475d   Thumb Code    48  dfixul.o(.text)
    __scatterload                            0x0800478d   Thumb Code    28  init.o(.text)
    __scatterload_rt2                        0x0800478d   Thumb Code     0  init.o(.text)
    __ARM_scalbn                             0x080047b1   Thumb Code    46  dscalb.o(.text)
    scalbn                                   0x080047b1   Thumb Code     0  dscalb.o(.text)
    __aeabi_i2d                              0x080047df   Thumb Code    34  dflti.o(.text)
    __aeabi_ui2d                             0x08004801   Thumb Code    26  dfltui.o(.text)
    __aeabi_d2iz                             0x0800481b   Thumb Code    62  dfixi.o(.text)
    __decompress                             0x08004859   Thumb Code     0  __dczerorl2.o(.text)
    __decompress1                            0x08004859   Thumb Code    86  __dczerorl2.o(.text)
    __0sprintf                               0x080048b1   Thumb Code    34  printfa.o(i.__0sprintf)
    __1sprintf                               0x080048b1   Thumb Code     0  printfa.o(i.__0sprintf)
    __2sprintf                               0x080048b1   Thumb Code     0  printfa.o(i.__0sprintf)
    __c89sprintf                             0x080048b1   Thumb Code     0  printfa.o(i.__0sprintf)
    sprintf                                  0x080048b1   Thumb Code     0  printfa.o(i.__0sprintf)
    __ARM_fpclassify                         0x080048d9   Thumb Code    40  fpclassify.o(i.__ARM_fpclassify)
    __ieee754_rem_pio2                       0x08004901   Thumb Code   828  rred.o(i.__ieee754_rem_pio2)
    __kernel_cos                             0x08004c89   Thumb Code   230  cos_i.o(i.__kernel_cos)
    __kernel_poly                            0x08004d85   Thumb Code   170  poly.o(i.__kernel_poly)
    __kernel_sin                             0x08004e31   Thumb Code   224  sin_i.o(i.__kernel_sin)
    __mathlib_dbl_infnan                     0x08004f1d   Thumb Code     6  dunder.o(i.__mathlib_dbl_infnan)
    __mathlib_dbl_invalid                    0x08004f23   Thumb Code    12  dunder.o(i.__mathlib_dbl_invalid)
    __mathlib_dbl_underflow                  0x08004f31   Thumb Code    10  dunder.o(i.__mathlib_dbl_underflow)
    __scatterload_copy                       0x08004f41   Thumb Code    14  handlers.o(i.__scatterload_copy)
    __scatterload_null                       0x08004f4f   Thumb Code     2  handlers.o(i.__scatterload_null)
    __scatterload_zeroinit                   0x08004f51   Thumb Code    14  handlers.o(i.__scatterload_zeroinit)
    __set_errno                              0x08004f61   Thumb Code     6  errno.o(i.__set_errno)
    cos                                      0x08005829   Thumb Code   148  cos.o(i.cos)
    free                                     0x080058c5   Thumb Code    76  malloc.o(i.free)
    malloc                                   0x08005915   Thumb Code    92  malloc.o(i.malloc)
    sin                                      0x08005981   Thumb Code   150  sin.o(i.sin)
    F6x8                                     0x08005a20   Data         552  oled.o(.constdata)
    F8X16                                    0x08005c48   Data        1520  oled.o(.constdata)
    Region$$Table$$Base                      0x08006390   Number         0  anon$$obj.o(Region$$Table)
    Region$$Table$$Limit                     0x080063b0   Number         0  anon$$obj.o(Region$$Table)
    Mydata                                   0x20000000   Data           4  main.o(.data)
    data1                                    0x20000004   Data          30  main.o(.data)
    data2                                    0x20000022   Data          30  main.o(.data)
    data3                                    0x20000040   Data          30  main.o(.data)
    data4                                    0x2000005e   Data          30  main.o(.data)
    Solve                                    0x2000007c   Data           4  main.o(.data)
    SystemCoreClock                          0x20000080   Data           4  system_stm32f10x.o(.data)
    AHBPrescTable                            0x20000084   Data          16  system_stm32f10x.o(.data)
    __stdout                                 0x200000ac   Data           4  usart.o(.data)
    USART_RX_STA                             0x200000b0   Data           2  usart.o(.data)
    USART2_RX_STA                            0x200000b2   Data           2  usart.o(.data)
    Hzk                                      0x200000b4   Data         448  oled.o(.data)
    Start_flag                               0x20000274   Data           4  menu.o(.data)
    Maxdata                                  0x20000278   Data           4  menu.o(.data)
    KeyNum                                   0x2000027c   Data           1  menu.o(.data)
    cour                                     0x20000280   Data          12  menu.o(.data)
    course                                   0x2000028c   Data           4  menu.o(.data)
    nowPage                                  0x20000290   Data           4  menu.o(.data)
    fatherPage                               0x20000294   Data          12  menu.o(.data)
    PidPage                                  0x200002a0   Data          12  menu.o(.data)
    FlashSave                                0x200002ac   Data          12  menu.o(.data)
    FollowData                               0x200002b8   Data          12  menu.o(.data)
    SpeedPage                                0x200002c4   Data          12  menu.o(.data)
    nowPID                                   0x200002d0   Data          28  pid.o(.data)
    Speed_PID                                0x200002ec   Data          28  pid.o(.data)
    num_code                                 0x20000308   Data           4  timer.o(.data)
    Last_NumCode                             0x2000030c   Data           4  timer.o(.data)
    Speed_Code                               0x20000310   Data           4  timer.o(.data)
    PID_Count                                0x20000314   Data           4  timer.o(.data)
    Position_Out                             0x20000318   Data           4  timer.o(.data)
    __microlib_freelist                      0x2000031c   Data           4  mvars.o(.data)
    __microlib_freelist_initialised          0x20000320   Data           4  mvars.o(.data)
    USART_RX_BUF                             0x20000328   Data         200  usart.o(.bss)
    USART2_RX_BUF                            0x200003f0   Data         200  usart.o(.bss)
    OLED_GRAM                                0x200004b8   Data        1024  oled.o(.bss)
    KeyQueue                                 0x200008b8   Data          48  menu.o(.bss)
    DataStack                                0x200008e8   Data         124  menu.o(.bss)
    STMFLASH_BUF                             0x20000964   Data        1024  stmflash.o(.bss)
    __heap_base                              0x20000d68   Data           0  startup_stm32f10x_md.o(HEAP)
    __heap_limit                             0x20000f68   Data           0  startup_stm32f10x_md.o(HEAP)
    __initial_sp                             0x20001368   Data           0  startup_stm32f10x_md.o(STACK)



==============================================================================

Memory Map of the image

  Image Entry point : 0x080000ed

  Load Region LR_IROM1 (Base: 0x08000000, Size: 0x000066d8, Max: 0x00010000, ABSOLUTE, COMPRESSED[0x000064dc])

    Execution Region ER_IROM1 (Base: 0x08000000, Size: 0x000063b0, Max: 0x00010000, ABSOLUTE)

    Base Addr    Size         Type   Attr      Idx    E Section Name        Object

    0x08000000   0x000000ec   Data   RO          232    RESET               startup_stm32f10x_md.o
    0x080000ec   0x00000000   Code   RO          774  * .ARM.Collect$$$$00000000  mc_w.l(entry.o)
    0x080000ec   0x00000004   Code   RO         1138    .ARM.Collect$$$$00000001  mc_w.l(entry2.o)
    0x080000f0   0x00000004   Code   RO         1141    .ARM.Collect$$$$00000004  mc_w.l(entry5.o)
    0x080000f4   0x00000000   Code   RO         1143    .ARM.Collect$$$$00000008  mc_w.l(entry7b.o)
    0x080000f4   0x00000000   Code   RO         1145    .ARM.Collect$$$$0000000A  mc_w.l(entry8b.o)
    0x080000f4   0x00000008   Code   RO         1146    .ARM.Collect$$$$0000000B  mc_w.l(entry9a.o)
    0x080000fc   0x00000000   Code   RO         1148    .ARM.Collect$$$$0000000D  mc_w.l(entry10a.o)
    0x080000fc   0x00000000   Code   RO         1150    .ARM.Collect$$$$0000000F  mc_w.l(entry11a.o)
    0x080000fc   0x00000004   Code   RO         1139    .ARM.Collect$$$$00002712  mc_w.l(entry2.o)
    0x08000100   0x00000120   Code   RO            1    .text               main.o
    0x08000220   0x0000001a   Code   RO          160    .text               stm32f10x_it.o
    0x0800023a   0x00000002   PAD
    0x0800023c   0x000001e0   Code   RO          201    .text               system_stm32f10x.o
    0x0800041c   0x00000024   Code   RO          233    .text               startup_stm32f10x_md.o
    0x08000440   0x000000dc   Code   RO          237    .text               misc.o
    0x0800051c   0x000005bc   Code   RO          357    .text               stm32f10x_flash.o
    0x08000ad8   0x0000035c   Code   RO          381    .text               stm32f10x_gpio.o
    0x08000e34   0x000003a4   Code   RO          429    .text               stm32f10x_rcc.o
    0x080011d8   0x00000e1a   Code   RO          479    .text               stm32f10x_tim.o
    0x08001ff2   0x00000002   PAD
    0x08001ff4   0x00000408   Code   RO          491    .text               stm32f10x_usart.o
    0x080023fc   0x000000d4   Code   RO          515    .text               delay.o
    0x080024d0   0x0000020c   Code   RO          545    .text               usart.o
    0x080026dc   0x000005a8   Code   RO          568    .text               oled.o
    0x08002c84   0x00000b18   Code   RO          601    .text               menu.o
    0x0800379c   0x000000ac   Code   RO          629    .text               queue.o
    0x08003848   0x000000aa   Code   RO          645    .text               stack.o
    0x080038f2   0x00000002   PAD
    0x080038f4   0x000001d8   Code   RO          700    .text               pid.o
    0x08003acc   0x000002a4   Code   RO          715    .text               timer.o
    0x08003d70   0x00000144   Code   RO          743    .text               stmflash.o
    0x08003eb4   0x00000024   Code   RO          777    .text               mc_w.l(memcpya.o)
    0x08003ed8   0x00000024   Code   RO          779    .text               mc_w.l(memseta.o)
    0x08003efc   0x00000018   Code   RO          781    .text               mc_w.l(strcat.o)
    0x08003f14   0x00000024   Code   RO          783    .text               mc_w.l(strstr.o)
    0x08003f38   0x0000000e   Code   RO          785    .text               mc_w.l(strlen.o)
    0x08003f46   0x000000b0   Code   RO         1078    .text               mf_w.l(fadd.o)
    0x08003ff6   0x00000064   Code   RO         1080    .text               mf_w.l(fmul.o)
    0x0800405a   0x0000007c   Code   RO         1082    .text               mf_w.l(fdiv.o)
    0x080040d6   0x0000014e   Code   RO         1084    .text               mf_w.l(dadd.o)
    0x08004224   0x000000e4   Code   RO         1086    .text               mf_w.l(dmul.o)
    0x08004308   0x000000de   Code   RO         1088    .text               mf_w.l(ddiv.o)
    0x080043e6   0x00000012   Code   RO         1090    .text               mf_w.l(fflti.o)
    0x080043f8   0x0000000a   Code   RO         1092    .text               mf_w.l(ffltui.o)
    0x08004402   0x00000032   Code   RO         1094    .text               mf_w.l(ffixi.o)
    0x08004434   0x00000028   Code   RO         1096    .text               mf_w.l(ffixui.o)
    0x0800445c   0x00000032   Code   RO         1098    .text               mf_w.l(dfixui.o)
    0x0800448e   0x00000026   Code   RO         1100    .text               mf_w.l(f2d.o)
    0x080044b4   0x00000030   Code   RO         1102    .text               mf_w.l(cdrcmple.o)
    0x080044e4   0x00000038   Code   RO         1104    .text               mf_w.l(d2f.o)
    0x0800451c   0x00000014   Code   RO         1106    .text               mf_w.l(cfcmple.o)
    0x08004530   0x00000014   Code   RO         1108    .text               mf_w.l(cfrcmple.o)
    0x08004544   0x0000002c   Code   RO         1152    .text               mc_w.l(uidiv.o)
    0x08004570   0x00000062   Code   RO         1154    .text               mc_w.l(uldiv.o)
    0x080045d2   0x0000001e   Code   RO         1156    .text               mc_w.l(llshl.o)
    0x080045f0   0x00000020   Code   RO         1158    .text               mc_w.l(llushr.o)
    0x08004610   0x00000024   Code   RO         1160    .text               mc_w.l(llsshr.o)
    0x08004634   0x00000000   Code   RO         1171    .text               mc_w.l(iusefp.o)
    0x08004634   0x0000006e   Code   RO         1172    .text               mf_w.l(fepilogue.o)
    0x080046a2   0x000000ba   Code   RO         1174    .text               mf_w.l(depilogue.o)
    0x0800475c   0x00000030   Code   RO         1176    .text               mf_w.l(dfixul.o)
    0x0800478c   0x00000024   Code   RO         1182    .text               mc_w.l(init.o)
    0x080047b0   0x0000002e   Code   RO         1184    .text               mf_w.l(dscalb.o)
    0x080047de   0x00000022   Code   RO         1186    .text               mf_w.l(dflti.o)
    0x08004800   0x0000001a   Code   RO         1188    .text               mf_w.l(dfltui.o)
    0x0800481a   0x0000003e   Code   RO         1190    .text               mf_w.l(dfixi.o)
    0x08004858   0x00000056   Code   RO         1200    .text               mc_w.l(__dczerorl2.o)
    0x080048ae   0x00000002   PAD
    0x080048b0   0x00000028   Code   RO         1024    i.__0sprintf        mc_w.l(printfa.o)
    0x080048d8   0x00000028   Code   RO         1178    i.__ARM_fpclassify  m_ws.l(fpclassify.o)
    0x08004900   0x00000388   Code   RO         1127    i.__ieee754_rem_pio2  m_ws.l(rred.o)
    0x08004c88   0x000000fc   Code   RO         1110    i.__kernel_cos      m_ws.l(cos_i.o)
    0x08004d84   0x000000aa   Code   RO         1180    i.__kernel_poly     m_ws.l(poly.o)
    0x08004e2e   0x00000002   PAD
    0x08004e30   0x000000ec   Code   RO         1132    i.__kernel_sin      m_ws.l(sin_i.o)
    0x08004f1c   0x00000006   Code   RO         1114    i.__mathlib_dbl_infnan  m_ws.l(dunder.o)
    0x08004f22   0x0000000c   Code   RO         1116    i.__mathlib_dbl_invalid  m_ws.l(dunder.o)
    0x08004f2e   0x00000002   PAD
    0x08004f30   0x00000010   Code   RO         1119    i.__mathlib_dbl_underflow  m_ws.l(dunder.o)
    0x08004f40   0x0000000e   Code   RO         1194    i.__scatterload_copy  mc_w.l(handlers.o)
    0x08004f4e   0x00000002   Code   RO         1195    i.__scatterload_null  mc_w.l(handlers.o)
    0x08004f50   0x0000000e   Code   RO         1196    i.__scatterload_zeroinit  mc_w.l(handlers.o)
    0x08004f5e   0x00000002   PAD
    0x08004f60   0x0000000c   Code   RO         1166    i.__set_errno       mc_w.l(errno.o)
    0x08004f6c   0x00000184   Code   RO         1029    i._fp_digits        mc_w.l(printfa.o)
    0x080050f0   0x000006dc   Code   RO         1030    i._printf_core      mc_w.l(printfa.o)
    0x080057cc   0x00000024   Code   RO         1031    i._printf_post_padding  mc_w.l(printfa.o)
    0x080057f0   0x0000002e   Code   RO         1032    i._printf_pre_padding  mc_w.l(printfa.o)
    0x0800581e   0x0000000a   Code   RO         1034    i._sputc            mc_w.l(printfa.o)
    0x08005828   0x0000009c   Code   RO          759    i.cos               m_ws.l(cos.o)
    0x080058c4   0x00000050   Code   RO         1050    i.free              mc_w.l(malloc.o)
    0x08005914   0x0000006c   Code   RO         1051    i.malloc            mc_w.l(malloc.o)
    0x08005980   0x000000a0   Code   RO          767    i.sin               m_ws.l(sin.o)
    0x08005a20   0x00000818   Data   RO          570    .constdata          oled.o
    0x08006238   0x00000030   Data   RO         1111    .constdata          m_ws.l(cos_i.o)
    0x08006268   0x000000c8   Data   RO         1129    .constdata          m_ws.l(rred.o)
    0x08006330   0x00000028   Data   RO         1133    .constdata          m_ws.l(sin_i.o)
    0x08006358   0x00000036   Data   RO          603    .conststring        menu.o
    0x0800638e   0x00000002   PAD
    0x08006390   0x00000020   Data   RO         1192    Region$$Table       anon$$obj.o


    Execution Region RW_IRAM1 (Base: 0x20000000, Size: 0x00001368, Max: 0x00005000, ABSOLUTE, COMPRESSED[0x0000012c])

    Base Addr    Size         Type   Attr      Idx    E Section Name        Object

    0x20000000   0x00000080   Data   RW            3    .data               main.o
    0x20000080   0x00000014   Data   RW          202    .data               system_stm32f10x.o
    0x20000094   0x00000014   Data   RW          430    .data               stm32f10x_rcc.o
    0x200000a8   0x00000004   Data   RW          516    .data               delay.o
    0x200000ac   0x00000008   Data   RW          547    .data               usart.o
    0x200000b4   0x000001c0   Data   RW          571    .data               oled.o
    0x20000274   0x0000005c   Data   RW          604    .data               menu.o
    0x200002d0   0x00000038   Data   RW          701    .data               pid.o
    0x20000308   0x00000014   Data   RW          716    .data               timer.o
    0x2000031c   0x00000004   Data   RW         1162    .data               mc_w.l(mvars.o)
    0x20000320   0x00000004   Data   RW         1163    .data               mc_w.l(mvars.o)
    0x20000324   0x00000004   Data   RW         1167    .data               mc_w.l(errno.o)
    0x20000328   0x00000190   Zero   RW          546    .bss                usart.o
    0x200004b8   0x00000400   Zero   RW          569    .bss                oled.o
    0x200008b8   0x000000ac   Zero   RW          602    .bss                menu.o
    0x20000964   0x00000400   Zero   RW          744    .bss                stmflash.o
    0x20000d64   0x00000004   PAD
    0x20000d68   0x00000200   Zero   RW          231    HEAP                startup_stm32f10x_md.o
    0x20000f68   0x00000400   Zero   RW          230    STACK               startup_stm32f10x_md.o


==============================================================================

Image component sizes


      Code (inc. data)   RO Data    RW Data    ZI Data      Debug   Object Name

         0          0          0          0          0         32   core_cm3.o
       212         18          0          4          0       1003   delay.o
       288          8          0        128          0     261985   main.o
      2840        392         54         92        172       8085   menu.o
       220         22          0          0          0       1761   misc.o
      1448         30       2072        448       1024       5848   oled.o
       472         54          0         56          0       1578   pid.o
       172          0          0          0          0       1512   queue.o
       170          0          0          0          0       1416   stack.o
        36          8        236          0       1536        772   startup_stm32f10x_md.o
      1468         34          0          0          0       8166   stm32f10x_flash.o
       860         38          0          0          0       5693   stm32f10x_gpio.o
        26          0          0          0          0       1158   stm32f10x_it.o
       932         36          0         20          0       8848   stm32f10x_rcc.o
      3610         88          0          0          0      22800   stm32f10x_tim.o
      1032         22          0          0          0       8416   stm32f10x_usart.o
       324          8          0          0       1024       2622   stmflash.o
       480         38          0         20          0       1679   system_stm32f10x.o
       676         64          0         20          0       2307   timer.o
       524         34          0          8        400       3508   usart.o

    ----------------------------------------------------------------------
     15796        894       2396        796       4160     349189   Object Totals
         0          0         32          0          0          0   (incl. Generated)
         6          0          2          0          4          0   (incl. Padding)

    ----------------------------------------------------------------------

      Code (inc. data)   RO Data    RW Data    ZI Data      Debug   Library Member Name

       156          8          0          0          0        104   cos.o
       252         22         48          0          0        124   cos_i.o
        34          6          0          0          0        204   dunder.o
        40          0          0          0          0         68   fpclassify.o
       170          0          0          0          0         96   poly.o
       904         76        200          0          0        140   rred.o
       160         10          0          0          0        108   sin.o
       236         12         40          0          0        128   sin_i.o
        86          0          0          0          0          0   __dczerorl2.o
         0          0          0          0          0          0   entry.o
         0          0          0          0          0          0   entry10a.o
         0          0          0          0          0          0   entry11a.o
         8          4          0          0          0          0   entry2.o
         4          0          0          0          0          0   entry5.o
         0          0          0          0          0          0   entry7b.o
         0          0          0          0          0          0   entry8b.o
         8          4          0          0          0          0   entry9a.o
        12          6          0          4          0         68   errno.o
        30          0          0          0          0          0   handlers.o
        36          8          0          0          0         68   init.o
         0          0          0          0          0          0   iusefp.o
        30          0          0          0          0         68   llshl.o
        36          0          0          0          0         68   llsshr.o
        32          0          0          0          0         68   llushr.o
       188         20          0          0          0        160   malloc.o
        36          0          0          0          0         68   memcpya.o
        36          0          0          0          0        108   memseta.o
         0          0          0          8          0          0   mvars.o
      2276         86          0          0          0        520   printfa.o
        24          0          0          0          0         68   strcat.o
        14          0          0          0          0         68   strlen.o
        36          0          0          0          0         80   strstr.o
        44          0          0          0          0         80   uidiv.o
        98          0          0          0          0         92   uldiv.o
        48          0          0          0          0         68   cdrcmple.o
        20          0          0          0          0         68   cfcmple.o
        20          0          0          0          0         68   cfrcmple.o
        56          0          0          0          0         88   d2f.o
       334          0          0          0          0        148   dadd.o
       222          0          0          0          0        100   ddiv.o
       186          0          0          0          0        176   depilogue.o
        62          0          0          0          0         80   dfixi.o
        50          0          0          0          0         76   dfixui.o
        48          0          0          0          0         68   dfixul.o
        34          0          0          0          0         76   dflti.o
        26          0          0          0          0         76   dfltui.o
       228          0          0          0          0         96   dmul.o
        46          0          0          0          0         80   dscalb.o
        38          0          0          0          0         68   f2d.o
       176          0          0          0          0        140   fadd.o
       124          0          0          0          0         88   fdiv.o
       110          0          0          0          0        168   fepilogue.o
        50          0          0          0          0         68   ffixi.o
        40          0          0          0          0         68   ffixui.o
        18          0          0          0          0         68   fflti.o
        10          0          0          0          0         68   ffltui.o
       100          0          0          0          0         76   fmul.o

    ----------------------------------------------------------------------
      7040        262        288         12          0       4636   Library Totals
         8          0          0          0          0          0   (incl. Padding)

    ----------------------------------------------------------------------

      Code (inc. data)   RO Data    RW Data    ZI Data      Debug   Library Name

      1952        134        288          0          0        972   m_ws.l
      3034        128          0         12          0       1584   mc_w.l
      2046          0          0          0          0       2080   mf_w.l

    ----------------------------------------------------------------------
      7040        262        288         12          0       4636   Library Totals

    ----------------------------------------------------------------------

==============================================================================


      Code (inc. data)   RO Data    RW Data    ZI Data      Debug   

     22836       1156       2684        808       4160     349689   Grand Totals
     22836       1156       2684        300       4160     349689   ELF Image Totals (compressed)
     22836       1156       2684        300          0          0   ROM Totals

==============================================================================

    Total RO  Size (Code + RO Data)                25520 (  24.92kB)
    Total RW  Size (RW Data + ZI Data)              4968 (   4.85kB)
    Total ROM Size (Code + RO Data + RW Data)      25820 (  25.21kB)

==============================================================================

